Microchip MPLAB XC8 Compiler V2.45

Linker command line:

-W-3 \
  --edf=D:\Program Files\Microchip\xc8\v2.45\pic\dat\20230818022343_en.msgs \
  -cn -h+dist/default/debug\SOC-Estimation-FE10.debug.sym \
  --cmf=dist/default/debug\SOC-Estimation-FE10.debug.cmf -z -Q18LF26K83 \
  -oC:\Users\leoja\AppData\Local\Temp\xcAs8gk.\driver_tmp_3.o \
  --defsym=__MPLAB_BUILD=1 --fixupoverflow=error \
  -Mdist/default/debug/SOC-Estimation-FE10.debug.map \
  --md=C:\Users\leoja\AppData\Local\Temp\xcAs8gk.\driver_tmp_0.dat -E1 \
  -ver=XC8 Compiler --acfsm=1493 -ACODE=00h-0FFFFh -ACONST=00h-0FFFFh \
  -ASMALLCONST=01000h-010FFhx240 -AMEDIUMCONST=01000h-0FFFFh \
  -ACOMRAM=01h-05Fh -AABS1=00h-0FFFh -ABIGRAM=01h-0FFFh \
  -ARAM=060h-0FFh,0100h-01FFhx15 -ABANK0=060h-0FFh -ABANK1=0100h-01FFh \
  -ABANK2=0200h-02FFh -ABANK3=0300h-03FFh -ABANK4=0400h-04FFh \
  -ABANK5=0500h-05FFh -ABANK6=0600h-06FFh -ABANK7=0700h-07FFh \
  -ABANK8=0800h-08FFh -ABANK9=0900h-09FFh -ABANK10=0A00h-0AFFh \
  -ABANK11=0B00h-0BFFh -ABANK12=0C00h-0CFFh -ABANK13=0D00h-0DFFh \
  -ABANK14=0E00h-0EFFh -ABANK15=0F00h-0FFFh \
  -ASFR=03700h-037FFhx8,03F00h-03F5Fh,03F60h-03FFFh -ABIGSFR=03700h-03FFFh \
  -ACONFIG=0300000h-0300009h -AIDLOC=0200000h-020000Fh \
  -AEEDATA=0310000h-03103FFh -peeprom_data=EEDATA -preset_vec=00h \
  -ppowerup=CODE,init -pramtop=01000h -psmallconst=SMALLCONST \
  -pmediumconst=MEDIUMCONST -pconst=CONST -AFARRAM=00h-00h \
  -prdata=COMRAM,nvrram=COMRAM,nvbit=COMRAM,rbss=COMRAM,rbit=COMRAM \
  -pfarbss=FARRAM,fardata=FARRAM,nvFARRAM=FARRAM \
  -pintsave_regs=BIGRAM,bigbss=BIGRAM,bigdata=BIGRAM -pbss=RAM \
  -pidata=CODE,irdata=CODE,ibigdata=CODE,ifardata=CODE -prparam=COMRAM \
  C:\Users\leoja\AppData\Local\Temp\xcAs8gk.\driver_tmp_9.o \
  dist/default/debug\SOC-Estimation-FE10.debug.o 

Object code version is 3.11

Machine type is 18LF26K83



                Name                               Link     Load   Length Selector   Space Scale
C:\Users\leoja\AppData\Local\Temp\xcAs8gk.\driver_tmp_9.o
                idloc                            200000   200000       10        0       5
                config                           300000   300000        A        0       4
                init                               FFFC     FFFC        4     7FFE       0
                reset_vec                             0        0        6        0       0
dist/default/debug\SOC-Estimation-FE10.debug.o
                idloc                            200000   200000       10        0       5
                config                           300000   300000        A        0       4
                smallconst                         1000     1000       8E      800       0
                text39                             6ABC     6ABC        8      847       0
                text38                             56B2     56B2      39C      847       0
                text37                             4E86     4E86      44E      847       0
                text36                             49C6     49C6      4C0      847       0
                text35                             6926     6926       46      847       0
                text34                             69D8     69D8       2A      847       0
                text33                             66DA     66DA       72      847       0
                text32                             6664     6664       76      847       0
                text31                             5C82     5C82      234      847       0
                text30                             6878     6878       5A      847       0
                text29                             65E6     65E6       7E      847       0
                text28                             67B6     67B6       66      847       0
                text27                             69A4     69A4       34      847       0
                text26                             606A     606A      1A4      847       0
                text25                             6440     6440      104      847       0
                text24                             696C     696C       38      847       0
                text23                             5EB6     5EB6      1B4      847       0
                text22                             5A4E     5A4E      234      847       0
                text21                             52D4     52D4      3DE      847       0
                text20                             108E     108E     249E      847       0
                text19                             3CE4     3CE4      6EA      847       0
                text18                             681C     681C       5C      847       0
                text17                             6A5A     6A5A       18      847       0
                text16                             68D2     68D2       54      847       0
                text15                             6A02     6A02       24      847       0
                text14                             6A88     6A88       16      847       0
                text13                             6AB2     6AB2        A      847       0
                text12                             6AA8     6AA8        A      847       0
                text11                             6A9E     6A9E        A      847       0
                text10                             674C     674C       6A      847       0
                text9                              6A40     6A40       1A      847       0
                text8                              6AC8     6AC8        2      847       0
                text7                              6AC6     6AC6        2      847       0
                text6                              6AC4     6AC4        2      847       0
                text5                              6544     6544       A2      847       0
                text4                              6A26     6A26       1A      847       0
                text3                              633A     633A      106      847       0
                text2                              43CE     43CE      5F8      847       0
                text1                              620E     620E      12C      847       0
                text0                              352C     352C      7B8      847       0
                cstackCOMRAM                          1        1       5F        1       1
                cstackBANK0                          60       60       9C       60       1
                cstackBANK1                         100      100       E0      100       1
                cstackBANK2                         200      200       F0      200       1
                cstackBANK3                         300      300       90      300       1
                bssBANK1                            1E0      1E0        A      100       1
                bssBANK0                             FE       FE        1       60       1
                cinit                              6A72     6A72       16      847       0
                nvBANK1                             1EA      1EA        4      100       1
                nvBANK0                              FC       FC        2       60       1

TOTAL           Name                               Link     Load   Length     Space
        CLASS   CODE           
                init                               FFFC     FFFC        4         0
                reset_vec                             0        0        6         0
                text39                             6ABC     6ABC        8         0
                text38                             56B2     56B2      39C         0
                text37                             4E86     4E86      44E         0
                text36                             49C6     49C6      4C0         0
                text35                             6926     6926       46         0
                text34                             69D8     69D8       2A         0
                text33                             66DA     66DA       72         0
                text32                             6664     6664       76         0
                text31                             5C82     5C82      234         0
                text30                             6878     6878       5A         0
                text29                             65E6     65E6       7E         0
                text28                             67B6     67B6       66         0
                text27                             69A4     69A4       34         0
                text26                             606A     606A      1A4         0
                text25                             6440     6440      104         0
                text24                             696C     696C       38         0
                text23                             5EB6     5EB6      1B4         0
                text22                             5A4E     5A4E      234         0
                text21                             52D4     52D4      3DE         0
                text20                             108E     108E     249E         0
                text19                             3CE4     3CE4      6EA         0
                text18                             681C     681C       5C         0
                text17                             6A5A     6A5A       18         0
                text16                             68D2     68D2       54         0
                text15                             6A02     6A02       24         0
                text14                             6A88     6A88       16         0
                text13                             6AB2     6AB2        A         0
                text12                             6AA8     6AA8        A         0
                text11                             6A9E     6A9E        A         0
                text10                             674C     674C       6A         0
                text9                              6A40     6A40       1A         0
                text8                              6AC8     6AC8        2         0
                text7                              6AC6     6AC6        2         0
                text6                              6AC4     6AC4        2         0
                text5                              6544     6544       A2         0
                text4                              6A26     6A26       1A         0
                text3                              633A     633A      106         0
                text2                              43CE     43CE      5F8         0
                text1                              620E     620E      12C         0
                text0                              352C     352C      7B8         0
                cinit                              6A72     6A72       16         0

        CLASS   CONST          

        CLASS   SMALLCONST     
                smallconst                         1000     1000       8E         0

        CLASS   MEDIUMCONST    

        CLASS   COMRAM         
                cstackCOMRAM                          1        1       5F         1

        CLASS   ABS1           

        CLASS   BIGRAM         

        CLASS   RAM            

        CLASS   BANK0          
                cstackBANK0                          60       60       9C         1
                bssBANK0                             FE       FE        1         1
                nvBANK0                              FC       FC        2         1

        CLASS   BANK1          
                cstackBANK1                         100      100       E0         1
                bssBANK1                            1E0      1E0        A         1
                nvBANK1                             1EA      1EA        4         1

        CLASS   BANK2          
                cstackBANK2                         200      200       F0         1

        CLASS   BANK3          
                cstackBANK3                         300      300       90         1

        CLASS   BANK4          

        CLASS   BANK5          

        CLASS   BANK6          

        CLASS   BANK7          

        CLASS   BANK8          

        CLASS   BANK9          

        CLASS   BANK10         

        CLASS   BANK11         

        CLASS   BANK12         

        CLASS   BANK13         

        CLASS   BANK14         

        CLASS   BANK15         

        CLASS   SFR            

        CLASS   BIGSFR         

        CLASS   CONFIG         
                config                           300000   300000        A         4

        CLASS   IDLOC          
                idloc                            200000   200000       10         5

        CLASS   EEDATA         

        CLASS   FARRAM         

        CLASS   HEAP           

        CLASS   STACK          



SEGMENTS        Name                           Load    Length   Top    Selector   Space  Class

                reset_vec                      000000  000006  000006         0       0  CODE    
                cstackCOMRAM                   000001  00005F  000060         1       1  COMRAM  
                cstackBANK0                    000060  00009F  0000FF        60       1  BANK0   
                cstackBANK1                    000100  0000EE  0001EE       100       1  BANK1   
                cstackBANK2                    000200  0000F0  0002F0       200       1  BANK2   
                cstackBANK3                    000300  000090  000390       300       1  BANK3   
                smallconst                     001000  00008E  00108E       800       0  SMALLCON
                text20                         00108E  005A3C  006ACA       847       0  CODE    
                init                           00FFFC  000004  010000      7FFE       0  CODE    


UNUSED ADDRESS RANGES

        Name                Unused          Largest block    Delta
        BANK0            0000FF-0000FF                1
        BANK1            0001EE-0001FF               12
        BANK10           000A00-000AFF              100
        BANK11           000B00-000BFF              100
        BANK12           000C00-000CFF              100
        BANK13           000D00-000DFF              100
        BANK14           000E00-000EFF              100
        BANK15           000F00-000FFF              100
        BANK2            0002F0-0002FF               10
        BANK3            000390-0003FF               70
        BANK4            000400-0004FF              100
        BANK5            000500-0005FF              100
        BANK6            000600-0006FF              100
        BANK7            000700-0007FF              100
        BANK8            000800-0008FF              100
        BANK9            000900-0009FF              100
        BIGRAM           0000FF-0000FF                1
                         0001EE-0001FF               12
                         0002F0-0002FF               10
                         000390-000FFF              C70
        BIGSFR           003700-003FFF              900
        CODE             000006-000FFF              FFA
                         006ACA-00FFFB             9532
        CONST            000006-000FFF              FFA
                         006ACA-00FFFB             9532
        EEDATA           310000-3103FF              400
        MEDIUMCONST      006ACA-00FFFB             9532
        RAM              0000FF-0000FF                1
                         0001EE-0001FF               12
                         0002F0-0002FF               10
                         000390-000FFF              100
        SFR              003700-003FFF              100
        SMALLCONST       006ACA-00FFFB              100

                                  Symbol Table

?_VOC                                         cstackCOMRAM 00003A
?___fladd                                     cstackCOMRAM 00002A
?___fldiv                                     cstackCOMRAM 00004A
?___flmul                                     cstackCOMRAM 000011
?___flneg                                     cstackCOMRAM 000001
?___flsub                                     cstackCOMRAM 000042
?___fltol                                     cstackCOMRAM 00003A
?___wmul                                      cstackCOMRAM 000001
?___xxtofl                                    cstackCOMRAM 000001
?_expf                                        cstackCOMRAM 000056
?_hk                                          cstackCOMRAM 00004A
?_mat_get                                     cstackCOMRAM 000007
?_powf                                        cstackCOMRAM 000056
?_scalbnf                                     cstackCOMRAM 00002A
?_sqrtf                                       cstackCOMRAM 000001
EKF@Aprime                                    cstackBANK2  000218
EKF@Aprime_transpose                          cstackBANK2  000234
EKF@Cbat                                      cstackBANK2  000226
EKF@Cc                                        cstackBANK2  00022A
EKF@Cprime                                    cstackBANK2  00021A
EKF@Cprime_transpose                          cstackBANK2  000242
EKF@Eprime                                    cstackBANK2  00021C
EKF@Eprime_transpose                          cstackBANK2  000236
EKF@Fprime                                    cstackBANK2  00021E
EKF@I                                         cstackBANK2  000204
EKF@Ik_1                                      cstackBANK2  000208
EKF@Lk                                        cstackBANK2  000244
EKF@P                                         cstackBANK2  000240
EKF@PCorrected                                cstackBANK2  00024C
EKF@Pk_1                                      cstackBANK2  000202
EKF@Qk1                                       cstackBANK2  000232
EKF@R0                                        cstackBANK2  000246
EKF@Rc                                        cstackBANK2  00022E
EKF@Rk                                        cstackBANK2  000214
EKF@V                                         cstackBANK2  00020C
EKF@Voc0                                      cstackBANK2  000210
EKF@col                                       cstackBANK0  0000DF
EKF@combined_error                            cstackBANK0  0000DA
EKF@dt                                        cstackBANK2  000222
EKF@error_estimate                            cstackBANK0  0000D6
EKF@fk_                                       cstackBANK2  000220
EKF@index                                     cstackBANK0  0000DE
EKF@row                                       cstackBANK0  0000E0
EKF@sub_mat_1                                 cstackBANK2  000238
EKF@sub_mat_2                                 cstackBANK2  00023A
EKF@sub_mat_3                                 cstackBANK2  00023C
EKF@temp_val                                  cstackBANK0  0000D2
EKF@xhat                                      cstackBANK2  00023E
EKF@xhatCorrected                             cstackBANK2  00024A
EKF@xhatk_1                                   cstackBANK2  000200
UART1_SetErrorHandler@interruptHandler        cstackCOMRAM 000001
UART1_SetFramingErrorHandler@interruptHandler cstackCOMRAM 000001
UART1_SetOverrunErrorHandler@interruptHandler cstackCOMRAM 000001
UART1_Write@txData                            cstackCOMRAM 000001
VOC@SOC                                       cstackCOMRAM 00003A
VOC@Voc0                                      cstackCOMRAM 00003E
_ADACCH                                       (abs)        003EE9
_ADACCL                                       (abs)        003EE8
_ADACCU                                       (abs)        003EEA
_ADACQH                                       (abs)        003EF4
_ADACQL                                       (abs)        003EF3
_ADACT                                        (abs)        003EFE
_ADCAP                                        (abs)        003EF5
_ADCC_DischargeSampleCapacitor                text39       006ABC
_ADCC_Initialize                              text18       00681C
_ADCLK                                        (abs)        003EFF
_ADCNT                                        (abs)        003EEB
_ADCON0                                       (abs)        003EF8
_ADCON0bits                                   (abs)        003EF8
_ADCON1                                       (abs)        003EF9
_ADCON1bits                                   (abs)        003EF9
_ADCON2                                       (abs)        003EFA
_ADCON2bits                                   (abs)        003EFA
_ADCON3                                       (abs)        003EFB
_ADCON3bits                                   (abs)        003EFB
_ADERRH                                       (abs)        003EE3
_ADERRL                                       (abs)        003EE2
_ADFLTRH                                      (abs)        003EE7
_ADFLTRL                                      (abs)        003EE6
_ADLTHH                                       (abs)        003EDF
_ADLTHL                                       (abs)        003EDE
_ADPCH                                        (abs)        003EF1
_ADPREH                                       (abs)        003EF7
_ADPREL                                       (abs)        003EF6
_ADPREVH                                      (abs)        003EEE
_ADPREVL                                      (abs)        003EED
_ADREF                                        (abs)        003EFD
_ADRESH                                       (abs)        003EF0
_ADRESL                                       (abs)        003EEF
_ADRPT                                        (abs)        003EEC
_ADSTAT                                       (abs)        003EFC
_ADSTATbits                                   (abs)        003EFC
_ADSTPTH                                      (abs)        003EE5
_ADSTPTL                                      (abs)        003EE4
_ADUTHH                                       (abs)        003EE1
_ADUTHL                                       (abs)        003EE0
_ANSELA                                       (abs)        003A40
_ANSELB                                       (abs)        003A50
_ANSELC                                       (abs)        003A60
_EKF                                          text19       003CE4
_EKF$2061                                     cstackBANK0  0000C6
_EKF$2062                                     cstackBANK0  0000CA
_EKF$2063                                     cstackBANK0  0000CE
_INLVLA                                       (abs)        003A44
_INLVLB                                       (abs)        003A54
_INLVLC                                       (abs)        003A64
_INLVLE                                       (abs)        003A84
_LATA                                         (abs)        003FBA
_LATB                                         (abs)        003FBB
_LATC                                         (abs)        003FBC
_ODCONA                                       (abs)        003A42
_ODCONB                                       (abs)        003A52
_ODCONC                                       (abs)        003A62
_OSCCON1                                      (abs)        0039D9
_OSCCON3                                      (abs)        0039DB
_OSCEN                                        (abs)        0039DD
_OSCFRQ                                       (abs)        0039DF
_OSCILLATOR_Initialize                        text17       006A5A
_OSCTUNE                                      (abs)        0039DE
_PIN_MANAGER_Initialize                       text16       0068D2
_PIR3bits                                     (abs)        0039A3
_PMD0                                         (abs)        0039C0
_PMD1                                         (abs)        0039C1
_PMD2                                         (abs)        0039C2
_PMD3                                         (abs)        0039C3
_PMD4                                         (abs)        0039C4
_PMD5                                         (abs)        0039C5
_PMD6                                         (abs)        0039C6
_PMD7                                         (abs)        0039C7
_PMD_Initialize                               text15       006A02
_RC6PPS                                       (abs)        003A16
_SLRCONA                                      (abs)        003A43
_SLRCONB                                      (abs)        003A53
_SLRCONC                                      (abs)        003A63
_SYSTEM_Initialize                            text9        006A40
_T0CON0                                       (abs)        003FB8
_T0CON0bits                                   (abs)        003FB8
_T0CON1                                       (abs)        003FB9
_TMR0H                                        (abs)        003FB7
_TMR0L                                        (abs)        003FB6
_TMR0_Initialize                              text14       006A88
_TRISA                                        (abs)        003FC2
_TRISB                                        (abs)        003FC3
_TRISC                                        (abs)        003FC4
_U1BRGH                                       (abs)        003DF6
_U1BRGL                                       (abs)        003DF5
_U1CON0                                       (abs)        003DF2
_U1CON0bits                                   (abs)        003DF2
_U1CON1                                       (abs)        003DF3
_U1CON2                                       (abs)        003DF4
_U1ERRIE                                      (abs)        003DFA
_U1ERRIR                                      (abs)        003DF9
_U1ERRIRbits                                  (abs)        003DF9
_U1FIFO                                       (abs)        003DF7
_U1P1H                                        (abs)        003DED
_U1P1L                                        (abs)        003DEC
_U1P2H                                        (abs)        003DEF
_U1P2L                                        (abs)        003DEE
_U1P3H                                        (abs)        003DF1
_U1P3L                                        (abs)        003DF0
_U1RXB                                        (abs)        003DE8
_U1RXPPS                                      (abs)        003AE7
_U1TXB                                        (abs)        003DEA
_U1UIR                                        (abs)        003DF8
_UART1_DefaultErrorHandler                    text8        006AC8
_UART1_DefaultFramingErrorHandler             text7        006AC6
_UART1_DefaultOverrunErrorHandler             text6        006AC4
_UART1_ErrorHandler                           nvBANK1      0001EA
_UART1_FramingErrorHandler                    nvBANK0      0000FC
_UART1_Initialize                             text10       00674C
_UART1_OverrunErrorHandler                    nvBANK1      0001EC
_UART1_Read                                   text5        006544
_UART1_SetErrorHandler                        text13       006AB2
_UART1_SetFramingErrorHandler                 text12       006AA8
_UART1_SetOverrunErrorHandler                 text11       006A9E
_UART1_Write                                  text4        006A26
_VOC                                          text30       006878
_WPUA                                         (abs)        003A41
_WPUB                                         (abs)        003A51
_WPUC                                         (abs)        003A61
_WPUE                                         (abs)        003A81
__HRAM                                        (abs)        000000
__H__absolute__                               __absolute__ 000000
__Habs1                                       abs1         000000
__Hbank0                                      bank0        000000
__Hbank1                                      bank1        000000
__Hbank10                                     bank10       000000
__Hbank11                                     bank11       000000
__Hbank12                                     bank12       000000
__Hbank13                                     bank13       000000
__Hbank14                                     bank14       000000
__Hbank15                                     bank15       000000
__Hbank2                                      bank2        000000
__Hbank3                                      bank3        000000
__Hbank4                                      bank4        000000
__Hbank5                                      bank5        000000
__Hbank6                                      bank6        000000
__Hbank7                                      bank7        000000
__Hbank8                                      bank8        000000
__Hbank9                                      bank9        000000
__Hbigbss                                     bigbss       000000
__Hbigdata                                    bigdata      000000
__Hbigram                                     bigram       000000
__Hbigsfr                                     bigsfr       000000
__Hbss                                        bss          000000
__HbssBANK0                                   bssBANK0     000000
__HbssBANK1                                   bssBANK1     000000
__Hcinit                                      cinit        000000
__Hclrtext                                    clrtext      000000
__Hcomram                                     comram       000000
__Hconfig                                     config       30000A
__Hconst                                      const        000000
__HcstackBANK0                                cstackBANK0  000000
__HcstackBANK1                                cstackBANK1  000000
__HcstackBANK2                                cstackBANK2  000000
__HcstackBANK3                                cstackBANK3  000000
__HcstackCOMRAM                               cstackCOMRAM 000000
__Hdata                                       data         000000
__Heeprom_data                                eeprom_data  000000
__Hfarbss                                     farbss       000000
__Hfardata                                    fardata      000000
__Hheap                                       heap         000000
__Hibigdata                                   ibigdata     000000
__Hidata                                      idata        000000
__Hidloc                                      idloc        200010
__Hifardata                                   ifardata     000000
__Hinit                                       init         010000
__Hintsave_regs                               intsave_regs 000000
__Hirdata                                     irdata       000000
__Hmediumconst                                mediumconst  000000
__HnvBANK0                                    nvBANK0      000000
__HnvBANK1                                    nvBANK1      000000
__HnvFARRAM                                   nvFARRAM     000000
__Hnvbit                                      nvbit        000000
__Hnvrram                                     nvrram       000000
__Hparam                                      rparam       000000
__Hpowerup                                    powerup      000000
__Hram                                        ram          000000
__Hramtop                                     ramtop       001000
__Hrbit                                       rbit         000000
__Hrbss                                       rbss         000000
__Hrdata                                      rdata        000000
__Hreset_vec                                  reset_vec    000006
__Hrparam                                     rparam       000000
__Hsfr                                        sfr          000000
__Hsmallconst                                 smallconst   00108E
__Hspace_0                                    (abs)        010000
__Hspace_1                                    (abs)        000390
__Hspace_2                                    (abs)        000000
__Hspace_4                                    (abs)        60000A
__Hstack                                      stack        000000
__Hstruct                                     struct       000000
__Htemp                                       temp         000000
__Htext                                       text         000000
__Htext0                                      text0        000000
__Htext1                                      text1        000000
__Htext10                                     text10       000000
__Htext11                                     text11       000000
__Htext12                                     text12       000000
__Htext13                                     text13       000000
__Htext14                                     text14       000000
__Htext15                                     text15       000000
__Htext16                                     text16       000000
__Htext17                                     text17       000000
__Htext18                                     text18       000000
__Htext19                                     text19       000000
__Htext2                                      text2        000000
__Htext20                                     text20       000000
__Htext21                                     text21       000000
__Htext22                                     text22       000000
__Htext23                                     text23       000000
__Htext24                                     text24       000000
__Htext25                                     text25       000000
__Htext26                                     text26       000000
__Htext27                                     text27       000000
__Htext28                                     text28       000000
__Htext29                                     text29       000000
__Htext3                                      text3        000000
__Htext30                                     text30       000000
__Htext31                                     text31       000000
__Htext32                                     text32       000000
__Htext33                                     text33       000000
__Htext34                                     text34       000000
__Htext35                                     text35       000000
__Htext36                                     text36       000000
__Htext37                                     text37       000000
__Htext38                                     text38       000000
__Htext39                                     text39       000000
__Htext4                                      text4        000000
__Htext40                                     text40       000000
__Htext5                                      text5        000000
__Htext6                                      text6        000000
__Htext7                                      text7        000000
__Htext8                                      text8        000000
__Htext9                                      text9        000000
__LRAM                                        (abs)        000001
__L__absolute__                               __absolute__ 000000
__Labs1                                       abs1         000000
__Lbank0                                      bank0        000000
__Lbank1                                      bank1        000000
__Lbank10                                     bank10       000000
__Lbank11                                     bank11       000000
__Lbank12                                     bank12       000000
__Lbank13                                     bank13       000000
__Lbank14                                     bank14       000000
__Lbank15                                     bank15       000000
__Lbank2                                      bank2        000000
__Lbank3                                      bank3        000000
__Lbank4                                      bank4        000000
__Lbank5                                      bank5        000000
__Lbank6                                      bank6        000000
__Lbank7                                      bank7        000000
__Lbank8                                      bank8        000000
__Lbank9                                      bank9        000000
__Lbigbss                                     bigbss       000000
__Lbigdata                                    bigdata      000000
__Lbigram                                     bigram       000000
__Lbigsfr                                     bigsfr       000000
__Lbss                                        bss          000000
__LbssBANK0                                   bssBANK0     000000
__LbssBANK1                                   bssBANK1     000000
__Lcinit                                      cinit        000000
__Lclrtext                                    clrtext      000000
__Lcomram                                     comram       000000
__Lconfig                                     config       000000
__Lconst                                      const        000000
__LcstackBANK0                                cstackBANK0  000000
__LcstackBANK1                                cstackBANK1  000000
__LcstackBANK2                                cstackBANK2  000000
__LcstackBANK3                                cstackBANK3  000000
__LcstackCOMRAM                               cstackCOMRAM 000000
__Ldata                                       data         000000
__Leeprom_data                                eeprom_data  000000
__Lfarbss                                     farbss       000000
__Lfardata                                    fardata      000000
__Lheap                                       heap         000000
__Libigdata                                   ibigdata     000000
__Lidata                                      idata        000000
__Lidloc                                      idloc        000000
__Lifardata                                   ifardata     000000
__Linit                                       init         00FFFC
__Lintsave_regs                               intsave_regs 000000
__Lirdata                                     irdata       000000
__Lmediumconst                                mediumconst  000000
__LnvBANK0                                    nvBANK0      000000
__LnvBANK1                                    nvBANK1      000000
__LnvFARRAM                                   nvFARRAM     000000
__Lnvbit                                      nvbit        000000
__Lnvrram                                     nvrram       000000
__Lparam                                      rparam       000000
__Lpowerup                                    powerup      000000
__Lram                                        ram          000000
__Lramtop                                     ramtop       001000
__Lrbit                                       rbit         000000
__Lrbss                                       rbss         000000
__Lrdata                                      rdata        000000
__Lreset_vec                                  reset_vec    000000
__Lrparam                                     rparam       000000
__Lsfr                                        sfr          000000
__Lsmallconst                                 smallconst   001000
__Lspace_0                                    (abs)        000000
__Lspace_1                                    (abs)        000000
__Lspace_2                                    (abs)        000000
__Lspace_4                                    (abs)        000000
__Lstack                                      stack        000000
__Lstruct                                     struct       000000
__Ltemp                                       temp         000000
__Ltext                                       text         000000
__Ltext0                                      text0        000000
__Ltext1                                      text1        000000
__Ltext10                                     text10       000000
__Ltext11                                     text11       000000
__Ltext12                                     text12       000000
__Ltext13                                     text13       000000
__Ltext14                                     text14       000000
__Ltext15                                     text15       000000
__Ltext16                                     text16       000000
__Ltext17                                     text17       000000
__Ltext18                                     text18       000000
__Ltext19                                     text19       000000
__Ltext2                                      text2        000000
__Ltext20                                     text20       000000
__Ltext21                                     text21       000000
__Ltext22                                     text22       000000
__Ltext23                                     text23       000000
__Ltext24                                     text24       000000
__Ltext25                                     text25       000000
__Ltext26                                     text26       000000
__Ltext27                                     text27       000000
__Ltext28                                     text28       000000
__Ltext29                                     text29       000000
__Ltext3                                      text3        000000
__Ltext30                                     text30       000000
__Ltext31                                     text31       000000
__Ltext32                                     text32       000000
__Ltext33                                     text33       000000
__Ltext34                                     text34       000000
__Ltext35                                     text35       000000
__Ltext36                                     text36       000000
__Ltext37                                     text37       000000
__Ltext38                                     text38       000000
__Ltext39                                     text39       000000
__Ltext4                                      text4        000000
__Ltext40                                     text40       000000
__Ltext5                                      text5        000000
__Ltext6                                      text6        000000
__Ltext7                                      text7        000000
__Ltext8                                      text8        000000
__Ltext9                                      text9        000000
__S0                                          (abs)        010000
__S1                                          (abs)        000390
__S4                                          (abs)        000000
__S5                                          (abs)        000000
___fladd                                      text36       0049C6
___fladd@a                                    cstackCOMRAM 00002E
___fladd@aexp                                 cstackCOMRAM 000037
___fladd@b                                    cstackCOMRAM 00002A
___fladd@bexp                                 cstackCOMRAM 000038
___fladd@grs                                  cstackCOMRAM 000039
___fladd@signs                                cstackCOMRAM 000036
___fldiv                                      text38       0056B2
___fldiv@a                                    cstackCOMRAM 00004E
___fldiv@aexp                                 cstackBANK0  00006C
___fldiv@b                                    cstackCOMRAM 00004A
___fldiv@bexp                                 cstackBANK0  00006B
___fldiv@grs                                  cstackBANK0  000067
___fldiv@new_exp                              cstackBANK0  000065
___fldiv@rem                                  cstackBANK0  000060
___fldiv@sign                                 cstackBANK0  000064
___flge                                       text25       006440
___flge@ff1                                   cstackCOMRAM 00004A
___flge@ff2                                   cstackCOMRAM 00004E
___flmul                                      text37       004E86
___flmul@a                                    cstackCOMRAM 000015
___flmul@aexp                                 cstackCOMRAM 000022
___flmul@b                                    cstackCOMRAM 000011
___flmul@bexp                                 cstackCOMRAM 000023
___flmul@grs                                  cstackCOMRAM 00001E
___flmul@prod                                 cstackCOMRAM 000024
___flmul@sign                                 cstackCOMRAM 00001D
___flmul@temp                                 cstackCOMRAM 000028
___flneg                                      text24       00696C
___flneg@f1                                   cstackCOMRAM 000001
___flsub                                      text35       006926
___flsub@a                                    cstackCOMRAM 000046
___flsub@b                                    cstackCOMRAM 000042
___fltol                                      text3        00633A
___fltol@exp1                                 cstackCOMRAM 000043
___fltol@f1                                   cstackCOMRAM 00003A
___fltol@sign1                                cstackCOMRAM 000042
___heap_hi                                    (abs)        000000
___heap_lo                                    (abs)        000000
___inthi_sp                                   stack        000000
___inthi_stack_hi                             stack        000000
___inthi_stack_lo                             stack        000000
___intlo_sp                                   stack        000000
___intlo_stack_hi                             stack        000000
___intlo_stack_lo                             stack        000000
___param_bank                                 (abs)        000000
___rparam_used                                (abs)        000001
___sp                                         stack        000000
___stack_hi                                   stack        000000
___stack_lo                                   stack        000000
___wmul                                       text34       0069D8
___wmul@multiplicand                          cstackCOMRAM 000003
___wmul@multiplier                            cstackCOMRAM 000001
___wmul@product                               cstackCOMRAM 000005
___xxtofl                                     text23       005EB6
___xxtofl@arg                                 cstackCOMRAM 00000B
___xxtofl@exp                                 cstackCOMRAM 00000A
___xxtofl@sign                                cstackCOMRAM 000009
___xxtofl@val                                 cstackCOMRAM 000001
__accesstop                                   (abs)        000060
__activetblptr                                (abs)        000003
__end_of_ADCC_DischargeSampleCapacitor        text39       006AC4
__end_of_ADCC_Initialize                      text18       006878
__end_of_EKF                                  text19       0043CE
__end_of_L1                                   smallconst   001069
__end_of_L2                                   smallconst   001065
__end_of_L3                                   smallconst   001061
__end_of_L4                                   smallconst   00105D
__end_of_L5                                   smallconst   001059
__end_of_L6                                   smallconst   001055
__end_of_OSCILLATOR_Initialize                text17       006A72
__end_of_P1                                   smallconst   001075
__end_of_P1@powf$F1637                        smallconst   001051
__end_of_P2                                   smallconst   001071
__end_of_P2@powf$F1638                        smallconst   00104D
__end_of_P3                                   smallconst   001049
__end_of_P4                                   smallconst   001045
__end_of_P5                                   smallconst   001041
__end_of_PIN_MANAGER_Initialize               text16       006926
__end_of_PMD_Initialize                       text15       006A26
__end_of_SYSTEM_Initialize                    text9        006A5A
__end_of_TMR0_Initialize                      text14       006A9E
__end_of_UART1_DefaultErrorHandler            text8        006ACA
__end_of_UART1_DefaultFramingErrorHandler     text7        006AC8
__end_of_UART1_DefaultOverrunErrorHandler     text6        006AC6
__end_of_UART1_Initialize                     text10       0067B6
__end_of_UART1_Read                           text5        0065E6
__end_of_UART1_SetErrorHandler                text13       006ABC
__end_of_UART1_SetFramingErrorHandler         text12       006AB2
__end_of_UART1_SetOverrunErrorHandler         text11       006AA8
__end_of_UART1_Write                          text4        006A40
__end_of_VOC                                  text30       0068D2
__end_of___fladd                              text36       004E86
__end_of___fldiv                              text38       005A4E
__end_of___flge                               text25       006544
__end_of___flmul                              text37       0052D4
__end_of___flneg                              text24       0069A4
__end_of___flsub                              text35       00696C
__end_of___fltol                              text3        006440
__end_of___wmul                               text34       006A02
__end_of___xxtofl                             text23       00606A
__end_of__initialization                      cinit        006A82
__end_of_bp                                   smallconst   001019
__end_of_cp                                   smallconst   00102D
__end_of_cp_h                                 smallconst   001089
__end_of_cp_l                                 smallconst   001085
__end_of_dp_h                                 smallconst   001011
__end_of_dp_l                                 smallconst   001009
__end_of_expf                                 text2        0049C6
__end_of_fk                                   text31       005EB6
__end_of_half                                 smallconst   001021
__end_of_hk                                   text29       006664
__end_of_invln2                               smallconst   00108D
__end_of_ivln2                                smallconst   001029
__end_of_ivln2_h                              smallconst   001081
__end_of_ivln2_l                              smallconst   001025
__end_of_lg2                                  smallconst   00103D
__end_of_lg2_h                                smallconst   001039
__end_of_lg2_l                                smallconst   001035
__end_of_ln2hi                                smallconst   00107D
__end_of_ln2lo                                smallconst   001079
__end_of_main                                 text0        003CE4
__end_of_mat_fill_zero                        text28       00681C
__end_of_mat_get                              text33       00674C
__end_of_mat_init                             text27       0069D8
__end_of_mat_multiply                         text26       00620E
__end_of_mat_set                              text32       0066DA
__end_of_mat_transpose                        text1        00633A
__end_of_ovt                                  smallconst   001031
__end_of_powf                                 text20       00352C
__end_of_scalbnf                              text22       005C82
__end_of_sqrtf                                text21       0056B2
__end_of_two24                                smallconst   00106D
__initialization                              cinit        006A72
__mediumconst                                 mediumconst  000000
__pbssBANK0                                   bssBANK0     0000FE
__pbssBANK1                                   bssBANK1     0001E0
__pcinit                                      cinit        006A72
__pcstackBANK0                                cstackBANK0  000060
__pcstackBANK1                                cstackBANK1  000100
__pcstackBANK2                                cstackBANK2  000200
__pcstackBANK3                                cstackBANK3  000300
__pcstackCOMRAM                               cstackCOMRAM 000001
__pnvBANK0                                    nvBANK0      0000FC
__pnvBANK1                                    nvBANK1      0001EA
__psmallconst                                 smallconst   001000
__ptext0                                      text0        00352C
__ptext1                                      text1        00620E
__ptext10                                     text10       00674C
__ptext11                                     text11       006A9E
__ptext12                                     text12       006AA8
__ptext13                                     text13       006AB2
__ptext14                                     text14       006A88
__ptext15                                     text15       006A02
__ptext16                                     text16       0068D2
__ptext17                                     text17       006A5A
__ptext18                                     text18       00681C
__ptext19                                     text19       003CE4
__ptext2                                      text2        0043CE
__ptext20                                     text20       00108E
__ptext21                                     text21       0052D4
__ptext22                                     text22       005A4E
__ptext23                                     text23       005EB6
__ptext24                                     text24       00696C
__ptext25                                     text25       006440
__ptext26                                     text26       00606A
__ptext27                                     text27       0069A4
__ptext28                                     text28       0067B6
__ptext29                                     text29       0065E6
__ptext3                                      text3        00633A
__ptext30                                     text30       006878
__ptext31                                     text31       005C82
__ptext32                                     text32       006664
__ptext33                                     text33       0066DA
__ptext34                                     text34       0069D8
__ptext35                                     text35       006926
__ptext36                                     text36       0049C6
__ptext37                                     text37       004E86
__ptext38                                     text38       0056B2
__ptext39                                     text39       006ABC
__ptext4                                      text4        006A26
__ptext40                                     text40       000000
__ptext5                                      text5        006544
__ptext6                                      text6        006AC4
__ptext7                                      text7        006AC6
__ptext8                                      text8        006AC8
__ptext9                                      text9        006A40
__ramtop                                      ramtop       001000
__smallconst                                  smallconst   001000
_bp                                           smallconst   001011
_dp_h                                         smallconst   001009
_dp_l                                         smallconst   001001
_errno                                        bssBANK1     0001E8
_expf                                         text2        0043CE
_expf$2065                                    cstackBANK0  00006D
_expf$2066                                    cstackBANK0  000071
_expf$2067                                    cstackBANK0  000075
_expf$2068                                    cstackBANK0  000079
_fk                                           text31       005C82
_half                                         smallconst   001019
_hk                                           text29       0065E6
_main                                         text0        00352C
_main$2064                                    cstackBANK0  0000E6
_mat_fill_zero                                text28       0067B6
_mat_get                                      text33       0066DA
_mat_init                                     text27       0069A4
_mat_multiply                                 text26       00606A
_mat_set                                      text32       006664
_mat_transpose                                text1        00620E
_powf                                         text20       00108E
_powf$2069                                    cstackBANK1  000148
_powf$2070                                    cstackBANK1  000158
_powf$2071                                    cstackBANK1  00014C
_powf$2072                                    cstackBANK1  000198
_powf$2073                                    cstackBANK1  000138
_powf$2074                                    cstackBANK1  000100
_powf$2075                                    cstackBANK1  000104
_powf$2076                                    cstackBANK1  00015C
_powf$2077                                    cstackBANK1  00013C
_powf$2078                                    cstackBANK1  000140
_powf$2079                                    cstackBANK1  000108
_powf$2080                                    cstackBANK1  00010C
_powf$2081                                    cstackBANK1  000110
_powf$2082                                    cstackBANK1  000114
_powf$2083                                    cstackBANK1  000118
_scalbnf                                      text22       005A4E
_sqrtf                                        text21       0052D4
_uart1RxLastError                             bssBANK0     0000FE
end_of_initialization                         cinit        006A82
expf@c                                        cstackBANK0  00007D
expf@hi                                       cstackBANK0  000089
expf@hx                                       cstackBANK0  000096
expf@k                                        cstackBANK0  000092
expf@lo                                       cstackBANK0  00008D
expf@sign                                     cstackBANK0  000091
expf@x                                        cstackCOMRAM 000056
expf@xx                                       cstackBANK0  000081
expf@y                                        cstackBANK0  000085
fk@Cbat                                       cstackBANK0  0000B0
fk@Cc                                         cstackBANK0  0000B4
fk@I                                          cstackBANK0  0000A8
fk@Rc                                         cstackBANK0  0000B8
fk@array_mat                                  cstackBANK0  0000BE
fk@dt                                         cstackBANK0  0000AC
fk@fk_                                        cstackBANK0  0000BC
fk@xhatk_1                                    cstackBANK0  0000A6
hk@I                                          cstackCOMRAM 00004E
hk@R0                                         cstackCOMRAM 000056
hk@SOC_val                                    cstackCOMRAM 00004A
hk@Voc0                                       cstackCOMRAM 000052
intlevel0                                     text         000000
intlevel1                                     text         000000
intlevel2                                     text         000000
intlevel3                                     text         000000
isa$std                                       (abs)        000001
isa$xinst                                     (abs)        000000
main@Aprime                                   cstackBANK3  00035A
main@Aprime_transpose                         cstackBANK1  0001B8
main@Cprime                                   cstackBANK3  00037E
main@Cprime_transpose                         cstackBANK3  000312
main@Eprime                                   cstackBANK3  00036C
main@Eprime_transpose                         cstackBANK1  0001CA
main@Fprime                                   cstackBANK2  0002DE
main@I                                        cstackBANK0  0000F2
main@Ik_1                                     cstackBANK0  0000E2
main@Lk                                       cstackBANK2  000272
main@P                                        cstackBANK3  000324
main@PCorrected                               cstackBANK2  0002A8
main@Pk_1                                     cstackBANK3  000348
main@Qk1                                      cstackBANK2  0002CC
main@Rk                                       cstackBANK1  0001DC
main@V                                        cstackBANK0  0000F6
main@Vc                                       cstackBANK0  0000EE
main@actualSOC                                cstackBANK0  0000EA
main@cumulative_time                          cstackBANK0  0000E1
main@fk_                                      cstackBANK2  000260
main@i                                        cstackBANK0  0000FB
main@j                                        cstackBANK0  0000FA
main@sub_mat_1                                cstackBANK2  0002BA
main@sub_mat_2                                cstackBANK2  000284
main@sub_mat_3                                cstackBANK2  000296
main@xhat                                     cstackBANK2  00024E
main@xhatCorrected                            cstackBANK3  000300
main@xhatk_1                                  cstackBANK3  000336
mat_fill_zero@i                               cstackCOMRAM 000007
mat_fill_zero@matrix                          cstackCOMRAM 000001
mat_get@column                                cstackCOMRAM 000007
mat_get@matrix                                cstackCOMRAM 000008
mat_get@row                                   cstackCOMRAM 000010
mat_init@columns                              cstackCOMRAM 000009
mat_init@matrix                               cstackCOMRAM 00000A
mat_init@rows                                 cstackCOMRAM 00000C
mat_multiply@i                                cstackBANK0  0000B1
mat_multiply@j                                cstackBANK0  0000B3
mat_multiply@k                                cstackBANK0  0000AF
mat_multiply@matrixA                          cstackBANK0  0000A6
mat_multiply@matrixB                          cstackBANK0  0000A8
mat_multiply@matrixC                          cstackBANK0  0000AA
mat_set@column                                cstackBANK0  00009A
mat_set@element                               cstackBANK0  00009B
mat_set@matrix                                cstackBANK0  00009F
mat_set@row                                   cstackCOMRAM 00005E
mat_transpose@matrix                          cstackBANK0  0000A6
mat_transpose@matrix_1_1                      cstackBANK0  0000AE
mat_transpose@matrix_1_2                      cstackBANK0  0000AA
mat_transpose@matrix_2_1                      cstackBANK0  0000B2
mat_transpose@matrix_2_2                      cstackBANK0  0000B6
mat_transpose@result                          cstackBANK0  0000A8
powf@ax                                       cstackBANK1  000178
powf@hx                                       cstackBANK1  000168
powf@hy                                       cstackBANK1  000188
powf@i                                        cstackBANK1  000128
powf@is                                       cstackBANK1  000194
powf@ix                                       cstackBANK1  0001AC
powf@iy                                       cstackBANK1  00019C
powf@j                                        cstackBANK1  0001A8
powf@k                                        cstackBANK1  0001A4
powf@n                                        cstackBANK1  000184
powf@p_h                                      cstackBANK1  0001A0
powf@p_l                                      cstackBANK1  00016C
powf@r                                        cstackBANK1  000150
powf@s                                        cstackBANK1  000160
powf@s2                                       cstackBANK1  000190
powf@s_h                                      cstackBANK1  000174
powf@s_l                                      cstackBANK1  000130
powf@sn                                       cstackBANK1  000164
powf@t                                        cstackBANK1  0001B0
powf@t1                                       cstackBANK1  00018C
powf@t2                                       cstackBANK1  00011C
powf@t_h                                      cstackBANK1  000170
powf@t_l                                      cstackBANK1  000134
powf@u                                        cstackBANK1  00017C
powf@v                                        cstackBANK1  000180
powf@w                                        cstackBANK1  000144
powf@x                                        cstackCOMRAM 000056
powf@y                                        cstackCOMRAM 00005A
powf@y1                                       cstackBANK1  00012C
powf@yisint                                   cstackBANK1  000154
powf@z                                        cstackBANK1  0001B4
powf@z_h                                      cstackBANK1  000120
powf@z_l                                      cstackBANK1  000124
scalbnf@n                                     cstackCOMRAM 00002E
scalbnf@u                                     cstackCOMRAM 000034
scalbnf@x                                     cstackCOMRAM 00002A
scalbnf@y                                     cstackCOMRAM 000038
sqrtf@i                                       cstackCOMRAM 00000E
sqrtf@ix                                      cstackCOMRAM 000022
sqrtf@m                                       cstackCOMRAM 00001A
sqrtf@q                                       cstackCOMRAM 000012
sqrtf@r                                       cstackCOMRAM 00001E
sqrtf@s                                       cstackCOMRAM 00000A
sqrtf@t                                       cstackCOMRAM 000016
sqrtf@x                                       cstackCOMRAM 000001
stackhi                                       (abs)        000000
stacklo                                       (abs)        000000
start                                         init         00FFFC
start_initialization                          cinit        006A72


MODULE INFORMATION

Module		Function		Class		Link	Load	Size
D:\Program Files\Microchip\xc8\v2.45\pic\sources\c99\common\sprcadd.c
		___flsub       		CODE           	6926	0000	70
		___fladd       		CODE           	49C6	0000	1216

D:\Program Files\Microchip\xc8\v2.45\pic\sources\c99\common\sprcadd.c estimated size: 1286

D:\Program Files\Microchip\xc8\v2.45\pic\sources\c99\common\powf.c
		_powf          		CODE           	108E	0000	9374

D:\Program Files\Microchip\xc8\v2.45\pic\sources\c99\common\powf.c estimated size: 9374

D:\Program Files\Microchip\xc8\v2.45\pic\sources\c99\common\sqrtf.c
		_sqrtf         		CODE           	52D4	0000	990

D:\Program Files\Microchip\xc8\v2.45\pic\sources\c99\common\sqrtf.c estimated size: 990

matrix_mult.c
		_mat_transpose 		CODE           	620E	0000	300
		_mat_fill_zero 		CODE           	67B6	0000	102
		_mat_init      		CODE           	69A4	0000	52
		_mat_get       		CODE           	66DA	0000	114
		_mat_set       		CODE           	6664	0000	118
		_mat_multiply  		CODE           	606A	0000	420

matrix_mult.c estimated size: 1106

D:\Program Files\Microchip\xc8\v2.45\pic\sources\c99\common\fltol.c
		___fltol       		CODE           	633A	0000	262

D:\Program Files\Microchip\xc8\v2.45\pic\sources\c99\common\fltol.c estimated size: 262

mcc_generated_files/tmr0.c
		_TMR0_Initialize		CODE           	6A88	0000	22

mcc_generated_files/tmr0.c estimated size: 22

D:\Program Files\Microchip\xc8\v2.45\pic\sources\c99\common\xxtofl.c
		___xxtofl      		CODE           	5EB6	0000	436

D:\Program Files\Microchip\xc8\v2.45\pic\sources\c99\common\xxtofl.c estimated size: 436

D:\Program Files\Microchip\xc8\v2.45\pic\sources\c99\common\flge.c
		___flge        		CODE           	6440	0000	260

D:\Program Files\Microchip\xc8\v2.45\pic\sources\c99\common\flge.c estimated size: 260

mcc_generated_files/pin_manager.c
		_PIN_MANAGER_Initialize		CODE           	68D2	0000	84

mcc_generated_files/pin_manager.c estimated size: 84

D:\Program Files\Microchip\xc8\v2.45\pic\sources\c99\common\flneg.c
		___flneg       		CODE           	696C	0000	56

D:\Program Files\Microchip\xc8\v2.45\pic\sources\c99\common\flneg.c estimated size: 56

mcc_generated_files/uart1.c
		_UART1_Write   		CODE           	6A26	0000	26
		_UART1_SetFramingErrorHandler		CODE           	6AA8	0000	10
		_UART1_SetOverrunErrorHandler		CODE           	6A9E	0000	10
		_UART1_Initialize		CODE           	674C	0000	106
		_UART1_SetErrorHandler		CODE           	6AB2	0000	10
		_UART1_Read    		CODE           	6544	0000	162
		_UART1_DefaultFramingErrorHandler		CODE           	6AC6	0000	2
		_UART1_DefaultErrorHandler		CODE           	6AC8	0000	2
		_UART1_DefaultOverrunErrorHandler		CODE           	6AC4	0000	2

mcc_generated_files/uart1.c estimated size: 330

shared
		_L5            		SMALLCONST     	0000	0000	0
		_P3            		SMALLCONST     	0000	0000	0
		_invln2        		SMALLCONST     	0000	0000	0
		_L6            		SMALLCONST     	0000	0000	0
		_P4            		SMALLCONST     	0000	0000	0
		_P5            		SMALLCONST     	0000	0000	0
		_ln2lo         		SMALLCONST     	0000	0000	0
		_lg2_l         		SMALLCONST     	0000	0000	0
		_ivln2_l       		SMALLCONST     	0000	0000	0
		_ivln2         		SMALLCONST     	0000	0000	0
		__initialization		CODE           	6A72	0000	16
		_bp            		SMALLCONST     	1011	0000	8
		_cp            		SMALLCONST     	0000	0000	0
		_cp_h          		SMALLCONST     	0000	0000	0
		_dp_h          		SMALLCONST     	1009	0000	8
		_lg2           		SMALLCONST     	0000	0000	0
		_P1@powf$F1637 		SMALLCONST     	0000	0000	0
		_lg2_h         		SMALLCONST     	0000	0000	0
		_P2@powf$F1638 		SMALLCONST     	0000	0000	0
		_ivln2_h       		SMALLCONST     	0000	0000	0
		_half          		SMALLCONST     	1019	0000	8
		_ln2hi         		SMALLCONST     	0000	0000	0
		_ovt           		SMALLCONST     	0000	0000	0
		_two24         		SMALLCONST     	0000	0000	0
		_cp_l          		SMALLCONST     	0000	0000	0
		_dp_l          		SMALLCONST     	1001	0000	8
		_L1            		SMALLCONST     	0000	0000	0
		_L2            		SMALLCONST     	0000	0000	0
		_L3            		SMALLCONST     	0000	0000	0
		_P1            		SMALLCONST     	0000	0000	0
		_L4            		SMALLCONST     	0000	0000	0
		_P2            		SMALLCONST     	0000	0000	0

shared estimated size: 48

D:\Program Files\Microchip\xc8\v2.45\pic\sources\c99\common\expf.c
		_expf          		CODE           	43CE	0000	1528

D:\Program Files\Microchip\xc8\v2.45\pic\sources\c99\common\expf.c estimated size: 1528

D:\Program Files\Microchip\xc8\v2.45\pic\sources\c99\common\sprcmul.c
		___flmul       		CODE           	4E86	0000	1102

D:\Program Files\Microchip\xc8\v2.45\pic\sources\c99\common\sprcmul.c estimated size: 1102

mcc_generated_files/mcc.c
		_PMD_Initialize		CODE           	6A02	0000	36
		_OSCILLATOR_Initialize		CODE           	6A5A	0000	24
		_SYSTEM_Initialize		CODE           	6A40	0000	26

mcc_generated_files/mcc.c estimated size: 86

D:\Program Files\Microchip\xc8\v2.45\pic\sources\c99\common\sprcdiv.c
		___fldiv       		CODE           	56B2	0000	924

D:\Program Files\Microchip\xc8\v2.45\pic\sources\c99\common\sprcdiv.c estimated size: 924

D:\Program Files\Microchip\xc8\v2.45\pic\sources\c99\common\scalbnf.c
		_scalbnf       		CODE           	5A4E	0000	564

D:\Program Files\Microchip\xc8\v2.45\pic\sources\c99\common\scalbnf.c estimated size: 564

mcc_generated_files/adcc.c
		_ADCC_Initialize		CODE           	681C	0000	92
		_ADCC_DischargeSampleCapacitor		CODE           	6ABC	0000	8

mcc_generated_files/adcc.c estimated size: 100

main.c
		_main          		CODE           	352C	0000	1976
		_EKF           		CODE           	3CE4	0000	1770
		_fk            		CODE           	5C82	0000	564
		_hk            		CODE           	65E6	0000	126
		_VOC           		CODE           	6878	0000	90

main.c estimated size: 4526

D:\Program Files\Microchip\xc8\v2.45\pic\sources\c99\common\Umul16.c
		___wmul        		CODE           	69D8	0000	42

D:\Program Files\Microchip\xc8\v2.45\pic\sources\c99\common\Umul16.c estimated size: 42

