Microchip MPLAB XC8 Compiler V2.32

Linker command line:

-W-3 --edf=C:\Program Files\Microchip\xc8\v2.32\pic\dat\en_msgs.txt -cn \
  -h+dist/default/production\SOC_Estimation_FE10.X.production.sym \
  --cmf=dist/default/production\SOC_Estimation_FE10.X.production.cmf -z \
  -Q18LF26K83 -oC:\Users\Melody\AppData\Local\Temp\xcAsbok.4 \
  --defsym=__MPLAB_BUILD=1 \
  -Mdist/default/production/SOC_Estimation_FE10.X.production.map -E1 \
  -ver=XC8 Compiler --acfsm=1493 -ASTACK=03DAh-0FFFh -pstack=STACK \
  -ACODE=00h-0FFFFh -ACONST=00h-0FFFFh -ASMALLCONST=01000h-010FFhx240 \
  -AMEDIUMCONST=01000h-0FFFFh -ACOMRAM=01h-05Fh -AABS1=00h-0FFFh \
  -ABIGRAM=01h-0FFFh -ARAM=060h-0FFh,0100h-01FFhx15 -ABANK0=060h-0FFh \
  -ABANK1=0100h-01FFh -ABANK2=0200h-02FFh -ABANK3=0300h-03FFh \
  -ABANK4=0400h-04FFh -ABANK5=0500h-05FFh -ABANK6=0600h-06FFh \
  -ABANK7=0700h-07FFh -ABANK8=0800h-08FFh -ABANK9=0900h-09FFh \
  -ABANK10=0A00h-0AFFh -ABANK11=0B00h-0BFFh -ABANK12=0C00h-0CFFh \
  -ABANK13=0D00h-0DFFh -ABANK14=0E00h-0EFFh -ABANK15=0F00h-0FFFh \
  -ASFR=03700h-037FFhx8,03F00h-03F5Fh,03F60h-03FFFh \
  -ACONFIG=0300000h-0300009h -AIDLOC=0200000h-020000Fh \
  -AEEDATA=0310000h-03103FFh -peeprom_data=EEDATA -preset_vec=00h \
  -ppowerup=CODE,init -pramtop=01000h -psmallconst=SMALLCONST \
  -pmediumconst=MEDIUMCONST -pconst=CONST -AFARRAM=00h-00h \
  -prdata=COMRAM,nvrram=COMRAM,nvbit=COMRAM,rbss=COMRAM,rbit=COMRAM \
  -pfarbss=FARRAM,fardata=FARRAM,nvFARRAM=FARRAM \
  -pintsave_regs=BIGRAM,bigbss=BIGRAM,bigdata=BIGRAM -pbss=RAM \
  -pidata=CODE,irdata=CODE,ibigdata=CODE,ifardata=CODE -prparam=COMRAM \
  C:\Users\Melody\AppData\Local\Temp\xcAsbok.o \
  dist/default/production\SOC_Estimation_FE10.X.production.o 

Object code version is 3.11

Machine type is 18LF26K83



                Name                               Link     Load   Length Selector   Space Scale
C:\Users\Melody\AppData\Local\Temp\xcAsbok.o
                idloc                            200000   200000       10        0       5
                config                           300000   300000        A        0       4
                init                               FFFC     FFFC        4     7FFE       0
                reset_vec                             0        0        4        0       0
dist/default/production\SOC_Estimation_FE10.X.production.o
                idloc                            200000   200000       10        0       5
                config                           300000   300000        A        0       4
                smallconst                         1000     1000       B0      800       0
                text59                             8FD0     8FD0        8      858       0
                text58                             6FCE     6FCE      39C      858       0
                text57                             6B80     6B80      44E      858       0
                text56                             66C0     66C0      4C0      858       0
                text55                             8C9A     8C9A       46      858       0
                text54                             8E98     8E98       2A      858       0
                text53                             88B8     88B8       78      858       0
                text52                             883C     883C       7C      858       0
                text51                             759E     759E      234      858       0
                text50                             8B9A     8B9A       5A      858       0
                text49                             87BE     87BE       7E      858       0
                text48                             8A74     8A74       6A      858       0
                text47                             8E3A     8E3A       34      858       0
                text46                             79E8     79E8      1D2      858       0
                text45                             8DCE     8DCE       38      858       0
                text44                             7BBA     7BBA      1B4      858       0
                text43                             8E06     8E06       34      858       0
                text42                             736A     736A      234      858       0
                text41                             814E     814E      104      858       0
                text40                             8F0E     8F0E       22      858       0
                text39                             61FE     61FE      4C2      858       0
                text38                             10B0     10B0     2A62      858       0
                text37                             4F50     4F50      6EC      858       0
                text36                             8B3E     8B3E       5C      858       0
                text35                             8F64     8F64       18      858       0
                text34                             8BF4     8BF4       54      858       0
                text33                             8EEA     8EEA       24      858       0
                text32                             8F92     8F92       16      858       0
                text31                             8FC6     8FC6        A      858       0
                text30                             8FBC     8FBC        A      858       0
                text29                             8FB2     8FB2        A      858       0
                text28                             8A0A     8A0A       6A      858       0
                text27                             8F4A     8F4A       1A      858       0
                text26                             8F7C     8F7C       16      858       0
                text25                             8048     8048      106      858       0
                text24                             563C     563C      62C      858       0
                text23                             7F1C     7F1C      12C      858       0
                text22                             8D96     8D96       38      858       0
                text21                             8C48     8C48       52      858       0
                text20                             7D6E     7D6E      1AE      858       0
                text19                             850A     850A       C4      858       0
                text18                             85CE     85CE       B0      858       0
                text17                             867E     867E       AA      858       0
                text16                             8252     8252       FE      858       0
                text15                             77D2     77D2      216      858       0
                text14                             8F30     8F30       1A      858       0
                text13                             8FA8     8FA8        A      858       0
                text12                             8728     8728       96      858       0
                text11                             8CE0     8CE0       44      858       0
                text10                             8D24     8D24       3A      858       0
                text9                              8444     8444       C6      858       0
                text8                              89A0     89A0       6A      858       0
                text7                              8D5E     8D5E       38      858       0
                text6                              8ADE     8ADE       60      858       0
                text5                              3B12     3B12      CC0      858       0
                text4                              8350     8350       F4      858       0
                text3                              5C68     5C68      596      858       0
                text2                              8930     8930       70      858       0
                text1                              8EC2     8EC2       28      858       0
                text0                              47D2     47D2      77E      858       0
                cstackCOMRAM                          1        1       5F        1       1
                cstackBANK0                          60       60       A0       60       1
                cstackBANK1                         100      100       F7      100       1
                cstackBANK2                         200      200       F0      200       1
                cstackBANK3                         300      300       7E      300       1
                bssBANK3                            37E      37E       58      300       1
                bssBANK2                            2F0      2F0        E      200       1
                bssBANK1                            1F7      1F7        9      100       1
                cinit                              8E6E     8E6E       2A      858       0
                nvBANK3                             3D6      3D6        4      300       1
                nvBANK2                             2FE      2FE        2      200       1

TOTAL           Name                               Link     Load   Length     Space
        CLASS   STACK          

        CLASS   CODE           
                init                               FFFC     FFFC        4         0
                reset_vec                             0        0        4         0
                text59                             8FD0     8FD0        8         0
                text58                             6FCE     6FCE      39C         0
                text57                             6B80     6B80      44E         0
                text56                             66C0     66C0      4C0         0
                text55                             8C9A     8C9A       46         0
                text54                             8E98     8E98       2A         0
                text53                             88B8     88B8       78         0
                text52                             883C     883C       7C         0
                text51                             759E     759E      234         0
                text50                             8B9A     8B9A       5A         0
                text49                             87BE     87BE       7E         0
                text48                             8A74     8A74       6A         0
                text47                             8E3A     8E3A       34         0
                text46                             79E8     79E8      1D2         0
                text45                             8DCE     8DCE       38         0
                text44                             7BBA     7BBA      1B4         0
                text43                             8E06     8E06       34         0
                text42                             736A     736A      234         0
                text41                             814E     814E      104         0
                text40                             8F0E     8F0E       22         0
                text39                             61FE     61FE      4C2         0
                text38                             10B0     10B0     2A62         0
                text37                             4F50     4F50      6EC         0
                text36                             8B3E     8B3E       5C         0
                text35                             8F64     8F64       18         0
                text34                             8BF4     8BF4       54         0
                text33                             8EEA     8EEA       24         0
                text32                             8F92     8F92       16         0
                text31                             8FC6     8FC6        A         0
                text30                             8FBC     8FBC        A         0
                text29                             8FB2     8FB2        A         0
                text28                             8A0A     8A0A       6A         0
                text27                             8F4A     8F4A       1A         0
                text26                             8F7C     8F7C       16         0
                text25                             8048     8048      106         0
                text24                             563C     563C      62C         0
                text23                             7F1C     7F1C      12C         0
                text22                             8D96     8D96       38         0
                text21                             8C48     8C48       52         0
                text20                             7D6E     7D6E      1AE         0
                text19                             850A     850A       C4         0
                text18                             85CE     85CE       B0         0
                text17                             867E     867E       AA         0
                text16                             8252     8252       FE         0
                text15                             77D2     77D2      216         0
                text14                             8F30     8F30       1A         0
                text13                             8FA8     8FA8        A         0
                text12                             8728     8728       96         0
                text11                             8CE0     8CE0       44         0
                text10                             8D24     8D24       3A         0
                text9                              8444     8444       C6         0
                text8                              89A0     89A0       6A         0
                text7                              8D5E     8D5E       38         0
                text6                              8ADE     8ADE       60         0
                text5                              3B12     3B12      CC0         0
                text4                              8350     8350       F4         0
                text3                              5C68     5C68      596         0
                text2                              8930     8930       70         0
                text1                              8EC2     8EC2       28         0
                text0                              47D2     47D2      77E         0
                cinit                              8E6E     8E6E       2A         0

        CLASS   CONST          

        CLASS   SMALLCONST     
                smallconst                         1000     1000       B0         0

        CLASS   MEDIUMCONST    

        CLASS   COMRAM         
                cstackCOMRAM                          1        1       5F         1

        CLASS   ABS1           

        CLASS   BIGRAM         

        CLASS   RAM            

        CLASS   BANK0          
                cstackBANK0                          60       60       A0         1

        CLASS   BANK1          
                cstackBANK1                         100      100       F7         1
                bssBANK1                            1F7      1F7        9         1

        CLASS   BANK2          
                cstackBANK2                         200      200       F0         1
                bssBANK2                            2F0      2F0        E         1
                nvBANK2                             2FE      2FE        2         1

        CLASS   BANK3          
                cstackBANK3                         300      300       7E         1
                bssBANK3                            37E      37E       58         1
                nvBANK3                             3D6      3D6        4         1

        CLASS   BANK4          

        CLASS   BANK5          

        CLASS   BANK6          

        CLASS   BANK7          

        CLASS   BANK8          

        CLASS   BANK9          

        CLASS   BANK10         

        CLASS   BANK11         

        CLASS   BANK12         

        CLASS   BANK13         

        CLASS   BANK14         

        CLASS   BANK15         

        CLASS   SFR            

        CLASS   CONFIG         
                config                           300000   300000        A         4

        CLASS   IDLOC          
                idloc                            200000   200000       10         5

        CLASS   EEDATA         

        CLASS   FARRAM         



SEGMENTS        Name                           Load    Length   Top    Selector   Space  Class

                reset_vec                      000000  000004  000004         0       0  CODE    
                cstackCOMRAM                   000001  00005F  000060         1       1  COMRAM  
                cstackBANK0                    000060  0000A0  000100        60       1  BANK0   
                cstackBANK1                    000100  000100  000200       100       1  BANK1   
                cstackBANK2                    000200  000100  000300       200       1  BANK2   
                cstackBANK3                    000300  0000DA  0003DA       300       1  BANK3   
                smallconst                     001000  0000B0  0010B0       800       0  SMALLCON
                text38                         0010B0  007F28  008FD8       858       0  CODE    
                init                           00FFFC  000004  010000      7FFE       0  CODE    


UNUSED ADDRESS RANGES

        Name                Unused          Largest block    Delta
        BANK10           000A00-000AFF              100
        BANK11           000B00-000BFF              100
        BANK12           000C00-000CFF              100
        BANK13           000D00-000DFF              100
        BANK14           000E00-000EFF              100
        BANK15           000F00-000FFF              100
        BANK3            0003DA-0003FF               26
        BANK4            000400-0004FF              100
        BANK5            000500-0005FF              100
        BANK6            000600-0006FF              100
        BANK7            000700-0007FF              100
        BANK8            000800-0008FF              100
        BANK9            000900-0009FF              100
        BIGRAM           0003DA-000FFF              C26
        CODE             000004-000FFF              FFC
                         008FD8-00FFFB             7024
        CONST            000004-000FFF              FFC
                         008FD8-00FFFB             7024
        EEDATA           310000-3103FF              400
        MEDIUMCONST      008FD8-00FFFB             7024
        RAM              0003DA-000FFF              100
        SFR              003700-003FFF              100
        SMALLCONST       008FD8-00FFFB              100
        STACK            0003DA-000FFF              C26

                                  Symbol Table

?_VOC                                         cstackCOMRAM 00003A
?___awdiv                                     cstackCOMRAM 000001
?___awmod                                     cstackCOMRAM 000001
?___fladd                                     cstackCOMRAM 00002A
?___fldiv                                     cstackCOMRAM 00004A
?___flmul                                     cstackCOMRAM 000011
?___flneg                                     cstackCOMRAM 000001
?___flsub                                     cstackCOMRAM 000042
?___fltol                                     cstackCOMRAM 00003A
?___fpclassifyf                               cstackCOMRAM 000001
?___wmul                                      cstackCOMRAM 000001
?___xxtofl                                    cstackCOMRAM 000001
?_atoi                                        cstackCOMRAM 000008
?_efgtoa                                      cstackBANK0  000077
?_expf                                        cstackCOMRAM 000056
?_fabsf                                       cstackCOMRAM 000001
?_floorf                                      cstackCOMRAM 000056
?_hk                                          cstackCOMRAM 00004A
?_isdigit                                     cstackCOMRAM 000001
?_isspace                                     cstackCOMRAM 000001
?_isupper                                     cstackCOMRAM 000001
?_mat_get                                     cstackCOMRAM 000007
?_nanf                                        cstackCOMRAM 000001
?_pad                                         cstackCOMRAM 000013
?_powf                                        cstackBANK0  000084
?_printf                                      cstackBANK0  0000D9
?_scalbnf                                     cstackCOMRAM 00002A
?_sqrtf                                       cstackCOMRAM 000056
?_strlen                                      cstackCOMRAM 000001
?_strncmp                                     cstackCOMRAM 000001
?_tolower                                     cstackCOMRAM 000007
?_vfpfcnvrt                                   cstackBANK0  0000BB
?_vfprintf                                    cstackBANK0  0000D1
EKF@Aprime                                    cstackBANK2  000218
EKF@Aprime_transpose                          cstackBANK2  000234
EKF@Cbat                                      cstackBANK2  000226
EKF@Cc                                        cstackBANK2  00022A
EKF@Cprime                                    cstackBANK2  00021A
EKF@Cprime_transpose                          cstackBANK2  000242
EKF@Eprime                                    cstackBANK2  00021C
EKF@Eprime_transpose                          cstackBANK2  000236
EKF@Fprime                                    cstackBANK2  00021E
EKF@I                                         cstackBANK2  000204
EKF@Ik_1                                      cstackBANK2  000208
EKF@Lk                                        cstackBANK2  000244
EKF@P                                         cstackBANK2  000240
EKF@PCorrected                                cstackBANK2  00024C
EKF@Pk_1                                      cstackBANK2  000202
EKF@Qk1                                       cstackBANK2  000232
EKF@R0                                        cstackBANK2  000246
EKF@Rc                                        cstackBANK2  00022E
EKF@Rk                                        cstackBANK2  000214
EKF@V                                         cstackBANK2  00020C
EKF@Voc0                                      cstackBANK2  000210
EKF@col                                       cstackBANK0  0000E4
EKF@combined_error                            cstackBANK0  0000DF
EKF@dt                                        cstackBANK2  000222
EKF@error_estimate                            cstackBANK0  0000DB
EKF@fk_                                       cstackBANK2  000220
EKF@index                                     cstackBANK0  0000E3
EKF@row                                       cstackBANK0  0000E5
EKF@sub_mat_1                                 cstackBANK2  000238
EKF@sub_mat_2                                 cstackBANK2  00023A
EKF@sub_mat_3                                 cstackBANK2  00023C
EKF@temp_val                                  cstackBANK0  0000D7
EKF@xhat                                      cstackBANK2  00023E
EKF@xhatCorrected                             cstackBANK2  00024A
EKF@xhatk_1                                   cstackBANK2  000200
UART1_SetErrorHandler@interruptHandler        cstackCOMRAM 000001
UART1_SetFramingErrorHandler@interruptHandler cstackCOMRAM 000001
UART1_SetOverrunErrorHandler@interruptHandler cstackCOMRAM 000001
UART1_Write@txData                            cstackCOMRAM 000001
VOC@SOC                                       cstackCOMRAM 00003A
VOC@Voc0                                      cstackCOMRAM 00003E
_ADACCH                                       (abs)        003EE9
_ADACCL                                       (abs)        003EE8
_ADACCU                                       (abs)        003EEA
_ADACQH                                       (abs)        003EF4
_ADACQL                                       (abs)        003EF3
_ADACT                                        (abs)        003EFE
_ADCAP                                        (abs)        003EF5
_ADCC_DischargeSampleCapacitor                text59       008FD0
_ADCC_Initialize                              text36       008B3E
_ADCLK                                        (abs)        003EFF
_ADCNT                                        (abs)        003EEB
_ADCON0                                       (abs)        003EF8
_ADCON0bits                                   (abs)        003EF8
_ADCON1                                       (abs)        003EF9
_ADCON1bits                                   (abs)        003EF9
_ADCON2                                       (abs)        003EFA
_ADCON2bits                                   (abs)        003EFA
_ADCON3                                       (abs)        003EFB
_ADCON3bits                                   (abs)        003EFB
_ADERRH                                       (abs)        003EE3
_ADERRL                                       (abs)        003EE2
_ADFLTRH                                      (abs)        003EE7
_ADFLTRL                                      (abs)        003EE6
_ADLTHH                                       (abs)        003EDF
_ADLTHL                                       (abs)        003EDE
_ADPCH                                        (abs)        003EF1
_ADPREH                                       (abs)        003EF7
_ADPREL                                       (abs)        003EF6
_ADPREVH                                      (abs)        003EEE
_ADPREVL                                      (abs)        003EED
_ADREF                                        (abs)        003EFD
_ADRESH                                       (abs)        003EF0
_ADRESL                                       (abs)        003EEF
_ADRPT                                        (abs)        003EEC
_ADSTAT                                       (abs)        003EFC
_ADSTATbits                                   (abs)        003EFC
_ADSTPTH                                      (abs)        003EE5
_ADSTPTL                                      (abs)        003EE4
_ADUTHH                                       (abs)        003EE1
_ADUTHL                                       (abs)        003EE0
_ANSELA                                       (abs)        003A40
_ANSELB                                       (abs)        003A50
_ANSELC                                       (abs)        003A60
_EKF                                          text37       004F50
_EKF$2289                                     cstackBANK0  0000CB
_EKF$2290                                     cstackBANK0  0000CF
_EKF$2291                                     cstackBANK0  0000D3
_INLVLA                                       (abs)        003A44
_INLVLB                                       (abs)        003A54
_INLVLC                                       (abs)        003A64
_INLVLE                                       (abs)        003A84
_LATA                                         (abs)        003FBA
_LATB                                         (abs)        003FBB
_LATC                                         (abs)        003FBC
_ODCONA                                       (abs)        003A42
_ODCONB                                       (abs)        003A52
_ODCONC                                       (abs)        003A62
_OSCCON1                                      (abs)        0039D9
_OSCCON3                                      (abs)        0039DB
_OSCEN                                        (abs)        0039DD
_OSCFRQ                                       (abs)        0039DF
_OSCILLATOR_Initialize                        text35       008F64
_OSCTUNE                                      (abs)        0039DE
_PIN_MANAGER_Initialize                       text34       008BF4
_PIR3bits                                     (abs)        0039A3
_PMD0                                         (abs)        0039C0
_PMD1                                         (abs)        0039C1
_PMD2                                         (abs)        0039C2
_PMD3                                         (abs)        0039C3
_PMD4                                         (abs)        0039C4
_PMD5                                         (abs)        0039C5
_PMD6                                         (abs)        0039C6
_PMD7                                         (abs)        0039C7
_PMD_Initialize                               text33       008EEA
_RC6PPS                                       (abs)        003A16
_SLRCONA                                      (abs)        003A43
_SLRCONB                                      (abs)        003A53
_SLRCONC                                      (abs)        003A63
_SYSTEM_Initialize                            text27       008F4A
_T0CON0                                       (abs)        003FB8
_T0CON0bits                                   (abs)        003FB8
_T0CON1                                       (abs)        003FB9
_TMR0H                                        (abs)        003FB7
_TMR0L                                        (abs)        003FB6
_TMR0_HasOverflowOccured                      text26       008F7C
_TMR0_Initialize                              text32       008F92
_TRISA                                        (abs)        003FC2
_TRISB                                        (abs)        003FC3
_TRISC                                        (abs)        003FC4
_U1BRGH                                       (abs)        003DF6
_U1BRGL                                       (abs)        003DF5
_U1CON0                                       (abs)        003DF2
_U1CON0bits                                   (abs)        003DF2
_U1CON1                                       (abs)        003DF3
_U1CON2                                       (abs)        003DF4
_U1ERRIE                                      (abs)        003DFA
_U1ERRIR                                      (abs)        003DF9
_U1ERRIRbits                                  (abs)        003DF9
_U1FIFO                                       (abs)        003DF7
_U1P1H                                        (abs)        003DED
_U1P1L                                        (abs)        003DEC
_U1P2H                                        (abs)        003DEF
_U1P2L                                        (abs)        003DEE
_U1P3H                                        (abs)        003DF1
_U1P3L                                        (abs)        003DF0
_U1RXB                                        (abs)        003DE8
_U1RXPPS                                      (abs)        003AE7
_U1TXB                                        (abs)        003DEA
_U1UIR                                        (abs)        003DF8
_UART1_DefaultErrorHandler                    (abs)        000000
_UART1_DefaultFramingErrorHandler             (abs)        000000
_UART1_DefaultOverrunErrorHandler             (abs)        000000
_UART1_ErrorHandler                           nvBANK3      0003D6
_UART1_FramingErrorHandler                    nvBANK2      0002FE
_UART1_Initialize                             text28       008A0A
_UART1_OverrunErrorHandler                    nvBANK3      0003D8
_UART1_SetErrorHandler                        text31       008FC6
_UART1_SetFramingErrorHandler                 text30       008FBC
_UART1_SetOverrunErrorHandler                 text29       008FB2
_UART1_Write                                  text14       008F30
_VOC                                          text50       008B9A
_WPUA                                         (abs)        003A41
_WPUB                                         (abs)        003A51
_WPUC                                         (abs)        003A61
_WPUE                                         (abs)        003A81
__HRAM                                        (abs)        000000
__Habs1                                       abs1         000000
__Hbank0                                      bank0        000000
__Hbank1                                      bank1        000000
__Hbank10                                     bank10       000000
__Hbank11                                     bank11       000000
__Hbank12                                     bank12       000000
__Hbank13                                     bank13       000000
__Hbank14                                     bank14       000000
__Hbank15                                     bank15       000000
__Hbank2                                      bank2        000000
__Hbank3                                      bank3        000000
__Hbank4                                      bank4        000000
__Hbank5                                      bank5        000000
__Hbank6                                      bank6        000000
__Hbank7                                      bank7        000000
__Hbank8                                      bank8        000000
__Hbank9                                      bank9        000000
__Hbigbss                                     bigbss       000000
__Hbigdata                                    bigdata      000000
__Hbigram                                     bigram       000000
__Hbss                                        bss          000000
__HbssBANK1                                   bssBANK1     000000
__HbssBANK2                                   bssBANK2     000000
__HbssBANK3                                   bssBANK3     000000
__Hcinit                                      cinit        000000
__Hclrtext                                    clrtext      000000
__Hcomram                                     comram       000000
__Hconfig                                     config       30000A
__Hconst                                      const        000000
__HcstackBANK0                                cstackBANK0  000000
__HcstackBANK1                                cstackBANK1  000000
__HcstackBANK2                                cstackBANK2  000000
__HcstackBANK3                                cstackBANK3  000000
__HcstackCOMRAM                               cstackCOMRAM 000000
__Hdata                                       data         000000
__Heeprom_data                                eeprom_data  000000
__Hfarbss                                     farbss       000000
__Hfardata                                    fardata      000000
__Hibigdata                                   ibigdata     000000
__Hidata                                      idata        000000
__Hidloc                                      idloc        200010
__Hifardata                                   ifardata     000000
__Hinit                                       init         010000
__Hintsave_regs                               intsave_regs 000000
__Hirdata                                     irdata       000000
__Hmediumconst                                mediumconst  000000
__HnvBANK2                                    nvBANK2      000000
__HnvBANK3                                    nvBANK3      000000
__HnvFARRAM                                   nvFARRAM     000000
__Hnvbit                                      nvbit        000000
__Hnvrram                                     nvrram       000000
__Hparam                                      rparam       000000
__Hpowerup                                    powerup      000000
__Hram                                        ram          000000
__Hramtop                                     ramtop       001000
__Hrbit                                       rbit         000000
__Hrbss                                       rbss         000000
__Hrdata                                      rdata        000000
__Hreset_vec                                  reset_vec    000004
__Hrparam                                     rparam       000000
__Hsfr                                        sfr          000000
__Hsmallconst                                 smallconst   0010B0
__Hspace_0                                    (abs)        010000
__Hspace_1                                    (abs)        0003DA
__Hspace_2                                    (abs)        000000
__Hspace_4                                    (abs)        60000A
__Hstack                                      stack        000000
__Hstruct                                     struct       000000
__Htemp                                       temp         000000
__Htext                                       text         000000
__Htext0                                      text0        000000
__Htext1                                      text1        000000
__Htext10                                     text10       000000
__Htext11                                     text11       000000
__Htext12                                     text12       000000
__Htext13                                     text13       000000
__Htext14                                     text14       000000
__Htext15                                     text15       000000
__Htext16                                     text16       000000
__Htext17                                     text17       000000
__Htext18                                     text18       000000
__Htext19                                     text19       000000
__Htext2                                      text2        000000
__Htext20                                     text20       000000
__Htext21                                     text21       000000
__Htext22                                     text22       000000
__Htext23                                     text23       000000
__Htext24                                     text24       000000
__Htext25                                     text25       000000
__Htext26                                     text26       000000
__Htext27                                     text27       000000
__Htext28                                     text28       000000
__Htext29                                     text29       000000
__Htext3                                      text3        000000
__Htext30                                     text30       000000
__Htext31                                     text31       000000
__Htext32                                     text32       000000
__Htext33                                     text33       000000
__Htext34                                     text34       000000
__Htext35                                     text35       000000
__Htext36                                     text36       000000
__Htext37                                     text37       000000
__Htext38                                     text38       000000
__Htext39                                     text39       000000
__Htext4                                      text4        000000
__Htext40                                     text40       000000
__Htext41                                     text41       000000
__Htext42                                     text42       000000
__Htext43                                     text43       000000
__Htext44                                     text44       000000
__Htext45                                     text45       000000
__Htext46                                     text46       000000
__Htext47                                     text47       000000
__Htext48                                     text48       000000
__Htext49                                     text49       000000
__Htext5                                      text5        000000
__Htext50                                     text50       000000
__Htext51                                     text51       000000
__Htext52                                     text52       000000
__Htext53                                     text53       000000
__Htext54                                     text54       000000
__Htext55                                     text55       000000
__Htext56                                     text56       000000
__Htext57                                     text57       000000
__Htext58                                     text58       000000
__Htext59                                     text59       000000
__Htext6                                      text6        000000
__Htext7                                      text7        000000
__Htext8                                      text8        000000
__Htext9                                      text9        000000
__LRAM                                        (abs)        000001
__Labs1                                       abs1         000000
__Lbank0                                      bank0        000000
__Lbank1                                      bank1        000000
__Lbank10                                     bank10       000000
__Lbank11                                     bank11       000000
__Lbank12                                     bank12       000000
__Lbank13                                     bank13       000000
__Lbank14                                     bank14       000000
__Lbank15                                     bank15       000000
__Lbank2                                      bank2        000000
__Lbank3                                      bank3        000000
__Lbank4                                      bank4        000000
__Lbank5                                      bank5        000000
__Lbank6                                      bank6        000000
__Lbank7                                      bank7        000000
__Lbank8                                      bank8        000000
__Lbank9                                      bank9        000000
__Lbigbss                                     bigbss       000000
__Lbigdata                                    bigdata      000000
__Lbigram                                     bigram       000000
__Lbss                                        bss          000000
__LbssBANK1                                   bssBANK1     000000
__LbssBANK2                                   bssBANK2     000000
__LbssBANK3                                   bssBANK3     000000
__Lcinit                                      cinit        000000
__Lclrtext                                    clrtext      000000
__Lcomram                                     comram       000000
__Lconfig                                     config       000000
__Lconst                                      const        000000
__LcstackBANK0                                cstackBANK0  000000
__LcstackBANK1                                cstackBANK1  000000
__LcstackBANK2                                cstackBANK2  000000
__LcstackBANK3                                cstackBANK3  000000
__LcstackCOMRAM                               cstackCOMRAM 000000
__Ldata                                       data         000000
__Leeprom_data                                eeprom_data  000000
__Lfarbss                                     farbss       000000
__Lfardata                                    fardata      000000
__Libigdata                                   ibigdata     000000
__Lidata                                      idata        000000
__Lidloc                                      idloc        000000
__Lifardata                                   ifardata     000000
__Linit                                       init         00FFFC
__Lintsave_regs                               intsave_regs 000000
__Lirdata                                     irdata       000000
__Lmediumconst                                mediumconst  000000
__LnvBANK2                                    nvBANK2      000000
__LnvBANK3                                    nvBANK3      000000
__LnvFARRAM                                   nvFARRAM     000000
__Lnvbit                                      nvbit        000000
__Lnvrram                                     nvrram       000000
__Lparam                                      rparam       000000
__Lpowerup                                    powerup      000000
__Lram                                        ram          000000
__Lramtop                                     ramtop       001000
__Lrbit                                       rbit         000000
__Lrbss                                       rbss         000000
__Lrdata                                      rdata        000000
__Lreset_vec                                  reset_vec    000000
__Lrparam                                     rparam       000000
__Lsfr                                        sfr          000000
__Lsmallconst                                 smallconst   001000
__Lspace_0                                    (abs)        000000
__Lspace_1                                    (abs)        000000
__Lspace_2                                    (abs)        000000
__Lspace_4                                    (abs)        000000
__Lstack                                      stack        000000
__Lstruct                                     struct       000000
__Ltemp                                       temp         000000
__Ltext                                       text         000000
__Ltext0                                      text0        000000
__Ltext1                                      text1        000000
__Ltext10                                     text10       000000
__Ltext11                                     text11       000000
__Ltext12                                     text12       000000
__Ltext13                                     text13       000000
__Ltext14                                     text14       000000
__Ltext15                                     text15       000000
__Ltext16                                     text16       000000
__Ltext17                                     text17       000000
__Ltext18                                     text18       000000
__Ltext19                                     text19       000000
__Ltext2                                      text2        000000
__Ltext20                                     text20       000000
__Ltext21                                     text21       000000
__Ltext22                                     text22       000000
__Ltext23                                     text23       000000
__Ltext24                                     text24       000000
__Ltext25                                     text25       000000
__Ltext26                                     text26       000000
__Ltext27                                     text27       000000
__Ltext28                                     text28       000000
__Ltext29                                     text29       000000
__Ltext3                                      text3        000000
__Ltext30                                     text30       000000
__Ltext31                                     text31       000000
__Ltext32                                     text32       000000
__Ltext33                                     text33       000000
__Ltext34                                     text34       000000
__Ltext35                                     text35       000000
__Ltext36                                     text36       000000
__Ltext37                                     text37       000000
__Ltext38                                     text38       000000
__Ltext39                                     text39       000000
__Ltext4                                      text4        000000
__Ltext40                                     text40       000000
__Ltext41                                     text41       000000
__Ltext42                                     text42       000000
__Ltext43                                     text43       000000
__Ltext44                                     text44       000000
__Ltext45                                     text45       000000
__Ltext46                                     text46       000000
__Ltext47                                     text47       000000
__Ltext48                                     text48       000000
__Ltext49                                     text49       000000
__Ltext5                                      text5        000000
__Ltext50                                     text50       000000
__Ltext51                                     text51       000000
__Ltext52                                     text52       000000
__Ltext53                                     text53       000000
__Ltext54                                     text54       000000
__Ltext55                                     text55       000000
__Ltext56                                     text56       000000
__Ltext57                                     text57       000000
__Ltext58                                     text58       000000
__Ltext59                                     text59       000000
__Ltext6                                      text6        000000
__Ltext7                                      text7        000000
__Ltext8                                      text8        000000
__Ltext9                                      text9        000000
__S0                                          (abs)        010000
__S1                                          (abs)        0003DA
__S2                                          (abs)        000000
__S4                                          (abs)        000000
__S5                                          (abs)        000000
___awdiv                                      text19       00850A
___awdiv@counter                              cstackCOMRAM 000005
___awdiv@dividend                             cstackCOMRAM 000001
___awdiv@divisor                              cstackCOMRAM 000003
___awdiv@quotient                             cstackCOMRAM 000007
___awdiv@sign                                 cstackCOMRAM 000006
___awmod                                      text18       0085CE
___awmod@counter                              cstackCOMRAM 000005
___awmod@dividend                             cstackCOMRAM 000001
___awmod@divisor                              cstackCOMRAM 000003
___awmod@sign                                 cstackCOMRAM 000006
___fladd                                      text56       0066C0
___fladd@a                                    cstackCOMRAM 00002E
___fladd@aexp                                 cstackCOMRAM 000037
___fladd@b                                    cstackCOMRAM 00002A
___fladd@bexp                                 cstackCOMRAM 000038
___fladd@grs                                  cstackCOMRAM 000039
___fladd@signs                                cstackCOMRAM 000036
___fldiv                                      text58       006FCE
___fldiv@a                                    cstackCOMRAM 00004E
___fldiv@aexp                                 cstackBANK0  00006C
___fldiv@b                                    cstackCOMRAM 00004A
___fldiv@bexp                                 cstackBANK0  00006B
___fldiv@grs                                  cstackBANK0  000067
___fldiv@new_exp                              cstackBANK0  000065
___fldiv@rem                                  cstackBANK0  000060
___fldiv@sign                                 cstackBANK0  000064
___fleq                                       text17       00867E
___fleq@ff1                                   cstackCOMRAM 000001
___fleq@ff2                                   cstackCOMRAM 000005
___flge                                       text41       00814E
___flge@ff1                                   cstackCOMRAM 00004A
___flge@ff2                                   cstackCOMRAM 00004E
___flmul                                      text57       006B80
___flmul@a                                    cstackCOMRAM 000015
___flmul@aexp                                 cstackCOMRAM 000022
___flmul@b                                    cstackCOMRAM 000011
___flmul@bexp                                 cstackCOMRAM 000023
___flmul@grs                                  cstackCOMRAM 00001E
___flmul@prod                                 cstackCOMRAM 000024
___flmul@sign                                 cstackCOMRAM 00001D
___flmul@temp                                 cstackCOMRAM 000028
___flneg                                      text45       008DCE
___flneg@f1                                   cstackCOMRAM 000001
___flsub                                      text55       008C9A
___flsub@a                                    cstackCOMRAM 000046
___flsub@b                                    cstackCOMRAM 000042
___fltol                                      text25       008048
___fltol@exp1                                 cstackCOMRAM 000043
___fltol@f1                                   cstackCOMRAM 00003A
___fltol@sign1                                cstackCOMRAM 000042
___fpclassifyf                                text16       008252
___fpclassifyf@F465                           bssBANK2     0002F4
___fpclassifyf@e                              cstackCOMRAM 000009
___fpclassifyf@u                              cstackCOMRAM 00000B
___fpclassifyf@x                              cstackCOMRAM 000001
___inthi_sp                                   stack        000000
___intlo_sp                                   stack        000000
___param_bank                                 (abs)        000000
___rparam_used                                (abs)        000001
___sp                                         stack        000000
___wmul                                       text54       008E98
___wmul@multiplicand                          cstackCOMRAM 000003
___wmul@multiplier                            cstackCOMRAM 000001
___wmul@product                               cstackCOMRAM 000005
___xxtofl                                     text44       007BBA
___xxtofl@arg                                 cstackCOMRAM 00000B
___xxtofl@exp                                 cstackCOMRAM 00000A
___xxtofl@sign                                cstackCOMRAM 000009
___xxtofl@val                                 cstackCOMRAM 000001
__accesstop                                   (abs)        000060
__activetblptr                                (abs)        000003
__end_of_ADCC_DischargeSampleCapacitor        text59       008FD8
__end_of_ADCC_Initialize                      text36       008B9A
__end_of_EKF                                  text37       00563C
__end_of_L1                                   smallconst   001065
__end_of_L2                                   smallconst   001061
__end_of_L3                                   smallconst   00105D
__end_of_L4                                   smallconst   001059
__end_of_L5                                   smallconst   001055
__end_of_L6                                   smallconst   001051
__end_of_OSCILLATOR_Initialize                text35       008F7C
__end_of_P1                                   smallconst   001079
__end_of_P1@powf$F1580                        smallconst   00104D
__end_of_P2                                   smallconst   001075
__end_of_P2@powf$F1581                        smallconst   001049
__end_of_P3                                   smallconst   001045
__end_of_P4                                   smallconst   001041
__end_of_P5                                   smallconst   00103D
__end_of_PIN_MANAGER_Initialize               text34       008C48
__end_of_PMD_Initialize                       text33       008F0E
__end_of_SYSTEM_Initialize                    text27       008F64
__end_of_TMR0_HasOverflowOccured              text26       008F92
__end_of_TMR0_Initialize                      text32       008FA8
__end_of_UART1_Initialize                     text28       008A74
__end_of_UART1_SetErrorHandler                text31       008FD0
__end_of_UART1_SetFramingErrorHandler         text30       008FC6
__end_of_UART1_SetOverrunErrorHandler         text29       008FBC
__end_of_UART1_Write                          text14       008F4A
__end_of_VOC                                  text50       008BF4
__end_of___awdiv                              text19       0085CE
__end_of___awmod                              text18       00867E
__end_of___fladd                              text56       006B80
__end_of___fldiv                              text58       00736A
__end_of___fleq                               text17       008728
__end_of___flge                               text41       008252
__end_of___flmul                              text57       006FCE
__end_of___flneg                              text45       008E06
__end_of___flsub                              text55       008CE0
__end_of___fltol                              text25       00814E
__end_of___fpclassifyf                        text16       008350
__end_of___wmul                               text54       008EC2
__end_of___xxtofl                             text44       007D6E
__end_of__initialization                      cinit        008E92
__end_of_atoi                                 text20       007F1C
__end_of_bp                                   smallconst   001089
__end_of_cp                                   smallconst   001029
__end_of_cp_h                                 smallconst   001095
__end_of_cp_l                                 smallconst   001091
__end_of_dp_h                                 smallconst   001011
__end_of_dp_l                                 smallconst   001009
__end_of_efgtoa                               text5        0047D2
__end_of_expf                                 text24       005C68
__end_of_fabsf                                text43       008E3A
__end_of_fk                                   text51       0077D2
__end_of_floorf                               text15       0079E8
__end_of_fputc                                text12       0087BE
__end_of_fputs                                text11       008D24
__end_of_half                                 smallconst   001019
__end_of_hk                                   text49       00883C
__end_of_huge                                 smallconst   00106D
__end_of_invln2                               smallconst   001099
__end_of_isdigit                              text22       008DCE
__end_of_isspace                              text21       008C9A
__end_of_isupper                              text7        008D96
__end_of_ivln2                                smallconst   001025
__end_of_ivln2_h                              smallconst   00108D
__end_of_ivln2_l                              smallconst   001021
__end_of_lg2                                  smallconst   001039
__end_of_lg2_h                                smallconst   001035
__end_of_lg2_l                                smallconst   001031
__end_of_ln2hi                                smallconst   001081
__end_of_ln2lo                                smallconst   00107D
__end_of_main                                 text0        004F50
__end_of_mat_fill_zero                        text48       008ADE
__end_of_mat_get                              text53       008930
__end_of_mat_init                             text47       008E6E
__end_of_mat_multiply                         text46       007BBA
__end_of_mat_set                              text52       0088B8
__end_of_mat_transpose                        text23       008048
__end_of_nanf                                 text40       008F30
__end_of_ovt                                  smallconst   00102D
__end_of_pad                                  text9        00850A
__end_of_powf                                 text38       003B12
__end_of_printf                               text1        008EEA
__end_of_putch                                text13       008FB2
__end_of_scalbnf                              text42       00759E
__end_of_sqrtf                                text39       0066C0
__end_of_strcpy                               text8        008A0A
__end_of_strlen                               text10       008D5E
__end_of_strncmp                              text4        008444
__end_of_tiny                                 smallconst   001069
__end_of_tiny@sqrtf$F1915                     smallconst   00101D
__end_of_tolower                              text6        008B3E
__end_of_two24                                smallconst   001071
__end_of_vfpfcnvrt                            text3        0061FE
__end_of_vfprintf                             text2        0089A0
__initialization                              cinit        008E6E
__mediumconst                                 mediumconst  000000
__pbssBANK1                                   bssBANK1     0001F7
__pbssBANK2                                   bssBANK2     0002F0
__pbssBANK3                                   bssBANK3     00037E
__pcinit                                      cinit        008E6E
__pcstackBANK0                                cstackBANK0  000060
__pcstackBANK1                                cstackBANK1  000100
__pcstackBANK2                                cstackBANK2  000200
__pcstackBANK3                                cstackBANK3  000300
__pcstackCOMRAM                               cstackCOMRAM 000001
__pnvBANK2                                    nvBANK2      0002FE
__pnvBANK3                                    nvBANK3      0003D6
__psmallconst                                 smallconst   001000
__ptext0                                      text0        0047D2
__ptext1                                      text1        008EC2
__ptext10                                     text10       008D24
__ptext11                                     text11       008CE0
__ptext12                                     text12       008728
__ptext13                                     text13       008FA8
__ptext14                                     text14       008F30
__ptext15                                     text15       0077D2
__ptext16                                     text16       008252
__ptext17                                     text17       00867E
__ptext18                                     text18       0085CE
__ptext19                                     text19       00850A
__ptext2                                      text2        008930
__ptext20                                     text20       007D6E
__ptext21                                     text21       008C48
__ptext22                                     text22       008D96
__ptext23                                     text23       007F1C
__ptext24                                     text24       00563C
__ptext25                                     text25       008048
__ptext26                                     text26       008F7C
__ptext27                                     text27       008F4A
__ptext28                                     text28       008A0A
__ptext29                                     text29       008FB2
__ptext3                                      text3        005C68
__ptext30                                     text30       008FBC
__ptext31                                     text31       008FC6
__ptext32                                     text32       008F92
__ptext33                                     text33       008EEA
__ptext34                                     text34       008BF4
__ptext35                                     text35       008F64
__ptext36                                     text36       008B3E
__ptext37                                     text37       004F50
__ptext38                                     text38       0010B0
__ptext39                                     text39       0061FE
__ptext4                                      text4        008350
__ptext40                                     text40       008F0E
__ptext41                                     text41       00814E
__ptext42                                     text42       00736A
__ptext43                                     text43       008E06
__ptext44                                     text44       007BBA
__ptext45                                     text45       008DCE
__ptext46                                     text46       0079E8
__ptext47                                     text47       008E3A
__ptext48                                     text48       008A74
__ptext49                                     text49       0087BE
__ptext5                                      text5        003B12
__ptext50                                     text50       008B9A
__ptext51                                     text51       00759E
__ptext52                                     text52       00883C
__ptext53                                     text53       0088B8
__ptext54                                     text54       008E98
__ptext55                                     text55       008C9A
__ptext56                                     text56       0066C0
__ptext57                                     text57       006B80
__ptext58                                     text58       006FCE
__ptext59                                     text59       008FD0
__ptext6                                      text6        008ADE
__ptext7                                      text7        008D5E
__ptext8                                      text8        0089A0
__ptext9                                      text9        008444
__ramtop                                      ramtop       001000
__size_of_ADCC_DischargeSampleCapacitor       (abs)        000000
__size_of_ADCC_Initialize                     (abs)        000000
__size_of_EKF                                 (abs)        000000
__size_of_OSCILLATOR_Initialize               (abs)        000000
__size_of_PIN_MANAGER_Initialize              (abs)        000000
__size_of_PMD_Initialize                      (abs)        000000
__size_of_SYSTEM_Initialize                   (abs)        000000
__size_of_TMR0_HasOverflowOccured             (abs)        000000
__size_of_TMR0_Initialize                     (abs)        000000
__size_of_UART1_Initialize                    (abs)        000000
__size_of_UART1_SetErrorHandler               (abs)        000000
__size_of_UART1_SetFramingErrorHandler        (abs)        000000
__size_of_UART1_SetOverrunErrorHandler        (abs)        000000
__size_of_UART1_Write                         (abs)        000000
__size_of_VOC                                 (abs)        000000
__size_of___awdiv                             (abs)        000000
__size_of___awmod                             (abs)        000000
__size_of___fladd                             (abs)        000000
__size_of___fldiv                             (abs)        000000
__size_of___fleq                              (abs)        000000
__size_of___flge                              (abs)        000000
__size_of___flmul                             (abs)        000000
__size_of___flneg                             (abs)        000000
__size_of___flsub                             (abs)        000000
__size_of___fltol                             (abs)        000000
__size_of___fpclassifyf                       (abs)        000000
__size_of___wmul                              (abs)        000000
__size_of___xxtofl                            (abs)        000000
__size_of_atoi                                (abs)        000000
__size_of_efgtoa                              (abs)        000000
__size_of_expf                                (abs)        000000
__size_of_fabsf                               (abs)        000000
__size_of_fk                                  (abs)        000000
__size_of_floorf                              (abs)        000000
__size_of_fputc                               (abs)        000000
__size_of_fputs                               (abs)        000000
__size_of_hk                                  (abs)        000000
__size_of_isdigit                             (abs)        000000
__size_of_isspace                             (abs)        000000
__size_of_isupper                             (abs)        000000
__size_of_main                                (abs)        000000
__size_of_mat_fill_zero                       (abs)        000000
__size_of_mat_get                             (abs)        000000
__size_of_mat_init                            (abs)        000000
__size_of_mat_multiply                        (abs)        000000
__size_of_mat_set                             (abs)        000000
__size_of_mat_transpose                       (abs)        000000
__size_of_nanf                                (abs)        000000
__size_of_pad                                 (abs)        000000
__size_of_powf                                (abs)        000000
__size_of_printf                              (abs)        000000
__size_of_putch                               (abs)        000000
__size_of_scalbnf                             (abs)        000000
__size_of_sqrtf                               (abs)        000000
__size_of_strcpy                              (abs)        000000
__size_of_strlen                              (abs)        000000
__size_of_strncmp                             (abs)        000000
__size_of_tolower                             (abs)        000000
__size_of_vfpfcnvrt                           (abs)        000000
__size_of_vfprintf                            (abs)        000000
__smallconst                                  smallconst   001000
_atoi                                         text20       007D6E
_atoi$1829                                    cstackCOMRAM 000010
_atoi$1830                                    cstackCOMRAM 000014
_atoi$1831                                    cstackCOMRAM 000012
_bp                                           smallconst   001081
_dbuf                                         bssBANK3     000386
_dp_h                                         smallconst   001009
_dp_l                                         smallconst   001001
_efgtoa                                       text5        003B12
_efgtoa$1765                                  cstackBANK0  000083
_efgtoa$1766                                  cstackBANK0  000085
_efgtoa$1771                                  cstackBANK0  000087
_efgtoa$1775                                  cstackBANK0  000089
_efgtoa$1776                                  cstackBANK0  00008B
_efgtoa$1777                                  cstackBANK0  00008D
_errno                                        bssBANK2     0002FC
_expf                                         text24       00563C
_expf$2293                                    cstackBANK0  000071
_expf$2294                                    cstackBANK0  000075
_expf$2295                                    cstackBANK0  000079
_expf$2296                                    cstackBANK0  00007D
_fabsf                                        text43       008E06
_fk                                           text51       00759E
_flags                                        bssBANK1     0001FD
_floorf                                       text15       0077D2
_fputc                                        text12       008728
_fputs                                        text11       008CE0
_half                                         smallconst   001011
_hk                                           text49       0087BE
_isdigit                                      text22       008D96
_isspace                                      text21       008C48
_isspace$1860                                 cstackCOMRAM 000007
_isupper                                      text7        008D5E
_main                                         text0        0047D2
_main$2292                                    cstackBANK0  0000EB
_mat_fill_zero                                text48       008A74
_mat_get                                      text53       0088B8
_mat_init                                     text47       008E3A
_mat_multiply                                 text46       0079E8
_mat_set                                      text52       00883C
_mat_transpose                                text23       007F1C
_nanf                                         text40       008F0E
_nout                                         bssBANK1     0001F7
_pad                                          text9        008444
_powf                                         text38       0010B0
_powf$2297                                    cstackBANK1  0001A4
_powf$2298                                    cstackBANK1  000154
_powf$2299                                    cstackBANK1  000148
_powf$2300                                    cstackBANK1  000194
_powf$2301                                    cstackBANK1  000138
_powf$2302                                    cstackBANK1  000100
_powf$2303                                    cstackBANK1  000104
_powf$2304                                    cstackBANK1  000158
_powf$2305                                    cstackBANK1  00013C
_powf$2306                                    cstackBANK1  000140
_powf$2307                                    cstackBANK1  000108
_powf$2308                                    cstackBANK1  00010C
_powf$2309                                    cstackBANK1  000110
_powf$2310                                    cstackBANK1  000114
_powf$2311                                    cstackBANK1  000118
_prec                                         bssBANK1     0001FB
_printf                                       text1        008EC2
_putch                                        text13       008FA8
_scalbnf                                      text42       00736A
_sqrtf                                        text39       0061FE
_strcpy                                       text8        0089A0
_strlen                                       text10       008D24
_strncmp                                      text4        008350
_tolower                                      text6        008ADE
_tolower$1964                                 cstackCOMRAM 00000D
_uart1RxLastError                             bssBANK1     0001FF
_vfpfcnvrt                                    text3        005C68
_vfpfcnvrt$1791                               cstackBANK0  0000C5
_vfpfcnvrt$1795                               cstackBANK0  0000C7
_vfprintf                                     text2        008930
_width                                        bssBANK1     0001F9
atoi@n                                        cstackCOMRAM 000015
atoi@neg                                      cstackCOMRAM 00000E
atoi@s                                        cstackCOMRAM 000008
efgtoa@c                                      cstackBANK0  00007D
efgtoa@d                                      cstackBANK0  00009B
efgtoa@e                                      cstackBANK0  0000B3
efgtoa@f                                      cstackBANK0  000079
efgtoa@fp                                     cstackBANK0  000077
efgtoa@g                                      cstackBANK0  0000AF
efgtoa@h                                      cstackBANK0  0000A5
efgtoa@i                                      cstackBANK0  0000AD
efgtoa@l                                      cstackBANK0  0000A9
efgtoa@m                                      cstackBANK0  000095
efgtoa@mode                                   cstackBANK0  0000A4
efgtoa@n                                      cstackBANK0  0000B5
efgtoa@ne                                     cstackBANK0  000093
efgtoa@nmode                                  cstackBANK0  0000A3
efgtoa@ou                                     cstackBANK0  000097
efgtoa@p                                      cstackBANK0  00009F
efgtoa@pp                                     cstackBANK0  000091
efgtoa@sign                                   cstackBANK0  00009D
efgtoa@t                                      cstackBANK0  00008F
efgtoa@u                                      cstackBANK0  0000B7
efgtoa@w                                      cstackBANK0  0000A1
end_of_initialization                         cinit        008E92
expf@__xc8_float_word                         cstackBANK0  00006D
expf@c                                        cstackBANK0  000081
expf@hi                                       cstackBANK0  00008D
expf@hx                                       cstackBANK0  00009B
expf@k                                        cstackBANK0  000097
expf@lo                                       cstackBANK0  000091
expf@sign                                     cstackBANK0  000095
expf@x                                        cstackCOMRAM 000056
expf@xx                                       cstackBANK0  000085
expf@y                                        cstackBANK0  000089
fabsf@F465                                    bssBANK2     0002F8
fabsf@u                                       cstackCOMRAM 000005
fabsf@x                                       cstackCOMRAM 000001
fk@Cbat                                       cstackBANK0  0000B5
fk@Cc                                         cstackBANK0  0000B9
fk@I                                          cstackBANK0  0000AD
fk@Rc                                         cstackBANK0  0000BD
fk@array_mat                                  cstackBANK0  0000C3
fk@dt                                         cstackBANK0  0000B1
fk@fk_                                        cstackBANK0  0000C1
fk@xhatk_1                                    cstackBANK0  0000AB
floorf@F527                                   bssBANK2     0002F0
floorf@e                                      cstackBANK0  000071
floorf@m                                      cstackBANK0  00006D
floorf@u                                      cstackBANK0  000073
floorf@x                                      cstackCOMRAM 000056
fputc@c                                       cstackCOMRAM 000003
fputc@fp                                      cstackCOMRAM 000005
fputs@c                                       cstackCOMRAM 000010
fputs@fp                                      cstackCOMRAM 00000E
fputs@i                                       cstackCOMRAM 000011
fputs@s                                       cstackCOMRAM 00000C
hk@I                                          cstackCOMRAM 00004E
hk@R0                                         cstackCOMRAM 000056
hk@SOC_val                                    cstackCOMRAM 00004A
hk@Voc0                                       cstackCOMRAM 000052
intlevel0                                     text         000000
intlevel1                                     text         000000
intlevel2                                     text         000000
intlevel3                                     text         000000
isa$std                                       (abs)        000001
isa$xinst                                     (abs)        000000
isdigit@c                                     cstackCOMRAM 000001
isspace@c                                     cstackCOMRAM 000001
isupper@c                                     cstackCOMRAM 000001
main@Aprime                                   cstackBANK3  000348
main@Aprime_transpose                         cstackBANK1  0001E0
main@Cprime                                   cstackBANK3  00036C
main@Cprime_transpose                         cstackBANK3  000300
main@Eprime                                   cstackBANK3  00035A
main@Eprime_transpose                         cstackBANK2  000260
main@Fprime                                   cstackBANK2  0002BA
main@I                                        cstackBANK0  0000F7
main@Ik_1                                     cstackBANK0  0000E7
main@Lk                                       cstackBANK2  00024E
main@P                                        cstackBANK3  000324
main@PCorrected                               cstackBANK2  000296
main@Pk_1                                     cstackBANK3  000336
main@Qk1                                      cstackBANK2  0002CC
main@Rk                                       cstackBANK1  0001F2
main@V                                        cstackBANK0  0000FB
main@Vc                                       cstackBANK0  0000F3
main@actualSOC                                cstackBANK0  0000EF
main@cumulative_time                          cstackBANK0  0000E6
main@fk_                                      cstackBANK1  0001CE
main@i                                        cstackBANK1  0001F6
main@j                                        cstackBANK0  0000FF
main@sub_mat_1                                cstackBANK2  0002A8
main@sub_mat_2                                cstackBANK2  000272
main@sub_mat_3                                cstackBANK2  000284
main@xhat                                     cstackBANK1  0001BC
main@xhatCorrected                            cstackBANK2  0002DE
main@xhatk_1                                  cstackBANK3  000312
mat_fill_zero@i                               cstackCOMRAM 000007
mat_fill_zero@matrix                          cstackCOMRAM 000001
mat_get@column                                cstackCOMRAM 000007
mat_get@matrix                                cstackCOMRAM 000008
mat_get@row                                   cstackCOMRAM 000010
mat_init@columns                              cstackCOMRAM 000009
mat_init@matrix                               cstackCOMRAM 00000A
mat_init@rows                                 cstackCOMRAM 00000C
mat_multiply@i                                cstackBANK0  0000B6
mat_multiply@j                                cstackBANK0  0000B8
mat_multiply@k                                cstackBANK0  0000B4
mat_multiply@matrixA                          cstackBANK0  0000AB
mat_multiply@matrixB                          cstackBANK0  0000AD
mat_multiply@matrixC                          cstackBANK0  0000AF
mat_set@column                                cstackBANK0  00009F
mat_set@element                               cstackBANK0  0000A0
mat_set@matrix                                cstackBANK0  0000A4
mat_set@row                                   cstackCOMRAM 00005F
mat_transpose@matrix                          cstackBANK0  0000AB
mat_transpose@matrix_1_1                      cstackBANK0  0000B3
mat_transpose@matrix_1_2                      cstackBANK0  0000AF
mat_transpose@matrix_2_1                      cstackBANK0  0000B7
mat_transpose@matrix_2_2                      cstackBANK0  0000BB
mat_transpose@result                          cstackBANK0  0000AD
nanf@s                                        cstackCOMRAM 000001
nanf@u                                        cstackCOMRAM 000005
pad@buf                                       cstackCOMRAM 000015
pad@fp                                        cstackCOMRAM 000013
pad@i                                         cstackCOMRAM 00001A
pad@p                                         cstackCOMRAM 000017
pad@w                                         cstackCOMRAM 00001C
powf@__xc8_float_word                         cstackBANK1  0001B8
powf@ax                                       cstackBANK1  000170
powf@hx                                       cstackBANK1  000160
powf@hy                                       cstackBANK1  000184
powf@i                                        cstackBANK1  00012C
powf@is                                       cstackBANK1  000190
powf@ix                                       cstackBANK1  0001A8
powf@iy                                       cstackBANK1  000198
powf@j                                        cstackBANK1  0001AC
powf@k                                        cstackBANK1  0001A0
powf@n                                        cstackBANK1  00017C
powf@p_h                                      cstackBANK1  00019C
powf@p_l                                      cstackBANK1  000164
powf@r                                        cstackBANK1  00014C
powf@s                                        cstackBANK1  00015C
powf@s2                                       cstackBANK1  00018C
powf@s_h                                      cstackBANK1  00016C
powf@s_l                                      cstackBANK1  000130
powf@sn                                       cstackBANK1  000188
powf@t                                        cstackBANK1  0001B0
powf@t1                                       cstackBANK1  000180
powf@t2                                       cstackBANK1  00011C
powf@t_h                                      cstackBANK1  000168
powf@t_l                                      cstackBANK1  000134
powf@u                                        cstackBANK1  000174
powf@v                                        cstackBANK1  000178
powf@w                                        cstackBANK1  000144
powf@x                                        cstackBANK0  000084
powf@y                                        cstackBANK0  000088
powf@y1                                       cstackBANK1  000128
powf@yisint                                   cstackBANK1  000150
powf@z                                        cstackBANK1  0001B4
powf@z_h                                      cstackBANK1  000120
powf@z_l                                      cstackBANK1  000124
printf@ap                                     cstackBANK0  0000DF
printf@fmt                                    cstackBANK0  0000D9
putch@txData                                  cstackCOMRAM 000002
scalbnf@n                                     cstackCOMRAM 00002E
scalbnf@u                                     cstackCOMRAM 000034
scalbnf@x                                     cstackCOMRAM 00002A
scalbnf@y                                     cstackCOMRAM 000038
sqrtf@__xc8_float_word                        cstackBANK0  000068
sqrtf@i                                       cstackBANK0  000064
sqrtf@ix                                      cstackBANK0  000080
sqrtf@m                                       cstackBANK0  000078
sqrtf@q                                       cstackBANK0  00006C
sqrtf@r                                       cstackBANK0  00007C
sqrtf@s                                       cstackBANK0  000060
sqrtf@t                                       cstackBANK0  000070
sqrtf@x                                       cstackCOMRAM 000056
sqrtf@z                                       cstackBANK0  000074
stackhi                                       (abs)        000FFF
stacklo                                       (abs)        0003DA
start                                         init         00FFFC
start_initialization                          cinit        008E6E
strcpy@d                                      cstackCOMRAM 000009
strcpy@dest                                   cstackCOMRAM 000001
strcpy@s                                      cstackCOMRAM 000007
strcpy@src                                    cstackCOMRAM 000003
strlen@a                                      cstackCOMRAM 000003
strlen@s                                      cstackCOMRAM 000001
strncmp@_l                                    cstackCOMRAM 000001
strncmp@_r                                    cstackCOMRAM 000003
strncmp@l                                     cstackCOMRAM 000008
strncmp@n                                     cstackCOMRAM 000005
strncmp@r                                     cstackCOMRAM 00000A
tolower@c                                     cstackCOMRAM 000007
vfpfcnvrt@ap                                  cstackBANK0  0000BF
vfpfcnvrt@c                                   cstackBANK0  0000D0
vfpfcnvrt@ct                                  cstackBANK0  0000CD
vfpfcnvrt@f                                   cstackBANK0  0000C9
vfpfcnvrt@fmt                                 cstackBANK0  0000BD
vfpfcnvrt@fp                                  cstackBANK0  0000BB
vfprintf@ap                                   cstackBANK0  0000D5
vfprintf@cfmt                                 cstackBANK0  0000D7
vfprintf@fmt                                  cstackBANK0  0000D3
vfprintf@fp                                   cstackBANK0  0000D1


MODULE INFORMATION

Module		Function		Class		Link	Load	Size
C:\Program Files\Microchip\xc8\v2.32\pic\sources\c99\common\awdiv.c
		___awdiv       		CODE           	850A	0000	196

C:\Program Files\Microchip\xc8\v2.32\pic\sources\c99\common\awdiv.c estimated size: 196

C:\Program Files\Microchip\xc8\v2.32\pic\sources\c99\common\isdigit.c
		_isdigit       		CODE           	8D96	0000	56

C:\Program Files\Microchip\xc8\v2.32\pic\sources\c99\common\isdigit.c estimated size: 56

C:\Program Files\Microchip\xc8\v2.32\pic\sources\c99\common\sprcadd.c
		___flsub       		CODE           	8C9A	0000	70
		___fladd       		CODE           	66C0	0000	1216

C:\Program Files\Microchip\xc8\v2.32\pic\sources\c99\common\sprcadd.c estimated size: 1286

C:\Program Files\Microchip\xc8\v2.32\pic\sources\c99\common\doprnt.c
		_vfpfcnvrt     		CODE           	5C68	0000	1430
		_efgtoa        		CODE           	3B12	0000	3264
		_pad           		CODE           	8444	0000	198
		_vfprintf      		CODE           	8930	0000	112

C:\Program Files\Microchip\xc8\v2.32\pic\sources\c99\common\doprnt.c estimated size: 5004

C:\Program Files\Microchip\xc8\v2.32\pic\sources\c99\common\flneg.c
		___flneg       		CODE           	8DCE	0000	56

C:\Program Files\Microchip\xc8\v2.32\pic\sources\c99\common\flneg.c estimated size: 56

C:\Program Files\Microchip\xc8\v2.32\pic\sources\c99\common\fabsf.c
		_fabsf         		CODE           	8E06	0000	52

C:\Program Files\Microchip\xc8\v2.32\pic\sources\c99\common\fabsf.c estimated size: 52

matrix_mult.c
		_mat_transpose 		CODE           	7F1C	0000	300
		_mat_fill_zero 		CODE           	8A74	0000	106
		_mat_init      		CODE           	8E3A	0000	52
		_mat_get       		CODE           	88B8	0000	120
		_mat_set       		CODE           	883C	0000	124
		_mat_multiply  		CODE           	79E8	0000	466

matrix_mult.c estimated size: 1168

C:\Program Files\Microchip\xc8\v2.32\pic\sources\c99\common\nanf.c
		_nanf          		CODE           	8F0E	0000	34

C:\Program Files\Microchip\xc8\v2.32\pic\sources\c99\common\nanf.c estimated size: 34

C:\Program Files\Microchip\xc8\v2.32\pic\sources\c99\common\expf.c
		_expf          		CODE           	563C	0000	1580

C:\Program Files\Microchip\xc8\v2.32\pic\sources\c99\common\expf.c estimated size: 1580

mcc_generated_files/tmr0.c
		_TMR0_HasOverflowOccured		CODE           	8F7C	0000	22
		_TMR0_Initialize		CODE           	8F92	0000	22

mcc_generated_files/tmr0.c estimated size: 44

mcc_generated_files/pin_manager.c
		_PIN_MANAGER_Initialize		CODE           	8BF4	0000	84

mcc_generated_files/pin_manager.c estimated size: 84

C:\Program Files\Microchip\xc8\v2.32\pic\sources\c99\common\atoi.c
		_atoi          		CODE           	7D6E	0000	430

C:\Program Files\Microchip\xc8\v2.32\pic\sources\c99\common\atoi.c estimated size: 430

C:\Program Files\Microchip\xc8\v2.32\pic\sources\c99\common\nf_fputs.c
		_fputs         		CODE           	8CE0	0000	68

C:\Program Files\Microchip\xc8\v2.32\pic\sources\c99\common\nf_fputs.c estimated size: 68

C:\Program Files\Microchip\xc8\v2.32\pic\sources\c99\common\fleq.c
		___fleq        		CODE           	867E	0000	170

C:\Program Files\Microchip\xc8\v2.32\pic\sources\c99\common\fleq.c estimated size: 170

C:\Program Files\Microchip\xc8\v2.32\pic\sources\c99\common\__fpclassifyf.c
		___fpclassifyf 		CODE           	8252	0000	254

C:\Program Files\Microchip\xc8\v2.32\pic\sources\c99\common\__fpclassifyf.c estimated size: 254

C:\Program Files\Microchip\xc8\v2.32\pic\sources\c99\common\isupper.c
		_isupper       		CODE           	8D5E	0000	56

C:\Program Files\Microchip\xc8\v2.32\pic\sources\c99\common\isupper.c estimated size: 56

C:\Program Files\Microchip\xc8\v2.32\pic\sources\c99\common\Umul16.c
		___wmul        		CODE           	8E98	0000	42

C:\Program Files\Microchip\xc8\v2.32\pic\sources\c99\common\Umul16.c estimated size: 42

C:\Program Files\Microchip\xc8\v2.32\pic\sources\c99\common\isspace.c
		_isspace       		CODE           	8C48	0000	82

C:\Program Files\Microchip\xc8\v2.32\pic\sources\c99\common\isspace.c estimated size: 82

mcc_generated_files/uart1.c
		_UART1_Write   		CODE           	8F30	0000	26
		_putch         		CODE           	8FA8	0000	10
		_UART1_SetFramingErrorHandler		CODE           	8FBC	0000	10
		_UART1_SetOverrunErrorHandler		CODE           	8FB2	0000	10
		_UART1_Initialize		CODE           	8A0A	0000	106
		_UART1_SetErrorHandler		CODE           	8FC6	0000	10

mcc_generated_files/uart1.c estimated size: 172

C:\Program Files\Microchip\xc8\v2.32\pic\sources\c99\common\strncmp.c
		_strncmp       		CODE           	8350	0000	244

C:\Program Files\Microchip\xc8\v2.32\pic\sources\c99\common\strncmp.c estimated size: 244

C:\Program Files\Microchip\xc8\v2.32\pic\sources\c99\common\tolower.c
		_tolower       		CODE           	8ADE	0000	96

C:\Program Files\Microchip\xc8\v2.32\pic\sources\c99\common\tolower.c estimated size: 96

shared
		_L5            		SMALLCONST     	0000	0000	0
		_P3            		SMALLCONST     	0000	0000	0
		_invln2        		SMALLCONST     	0000	0000	0
		_L6            		SMALLCONST     	0000	0000	0
		_P4            		SMALLCONST     	0000	0000	0
		_P5            		SMALLCONST     	0000	0000	0
		_ln2lo         		SMALLCONST     	0000	0000	0
		_lg2_l         		SMALLCONST     	0000	0000	0
		_ivln2_l       		SMALLCONST     	0000	0000	0
		_ivln2         		SMALLCONST     	0000	0000	0
		__initialization		CODE           	8E6E	0000	36
		_bp            		SMALLCONST     	1081	0000	8
		_cp            		SMALLCONST     	0000	0000	0
		_cp_h          		SMALLCONST     	0000	0000	0
		_dp_h          		SMALLCONST     	1009	0000	8
		_tiny@sqrtf$F1915		SMALLCONST     	0000	0000	0
		_lg2           		SMALLCONST     	0000	0000	0
		_P1@powf$F1580 		SMALLCONST     	0000	0000	0
		_lg2_h         		SMALLCONST     	0000	0000	0
		_P2@powf$F1581 		SMALLCONST     	0000	0000	0
		_ivln2_h       		SMALLCONST     	0000	0000	0
		_half          		SMALLCONST     	1011	0000	8
		_tiny          		SMALLCONST     	0000	0000	0
		_ln2hi         		SMALLCONST     	0000	0000	0
		_ovt           		SMALLCONST     	0000	0000	0
		_huge          		SMALLCONST     	0000	0000	0
		_two24         		SMALLCONST     	0000	0000	0
		_cp_l          		SMALLCONST     	0000	0000	0
		_dp_l          		SMALLCONST     	1001	0000	8
		_L1            		SMALLCONST     	0000	0000	0
		_L2            		SMALLCONST     	0000	0000	0
		_L3            		SMALLCONST     	0000	0000	0
		_P1            		SMALLCONST     	0000	0000	0
		_L4            		SMALLCONST     	0000	0000	0
		_P2            		SMALLCONST     	0000	0000	0

shared estimated size: 68

C:\Program Files\Microchip\xc8\v2.32\pic\sources\c99\common\sprcmul.c
		___flmul       		CODE           	6B80	0000	1102

C:\Program Files\Microchip\xc8\v2.32\pic\sources\c99\common\sprcmul.c estimated size: 1102

C:\Program Files\Microchip\xc8\v2.32\pic\sources\c99\common\awmod.c
		___awmod       		CODE           	85CE	0000	176

C:\Program Files\Microchip\xc8\v2.32\pic\sources\c99\common\awmod.c estimated size: 176

mcc_generated_files/mcc.c
		_PMD_Initialize		CODE           	8EEA	0000	36
		_OSCILLATOR_Initialize		CODE           	8F64	0000	24
		_SYSTEM_Initialize		CODE           	8F4A	0000	26

mcc_generated_files/mcc.c estimated size: 86

C:\Program Files\Microchip\xc8\v2.32\pic\sources\c99\common\powf.c
		_powf          		CODE           	10B0	0000	10850

C:\Program Files\Microchip\xc8\v2.32\pic\sources\c99\common\powf.c estimated size: 10850

C:\Program Files\Microchip\xc8\v2.32\pic\sources\c99\common\sprcdiv.c
		___fldiv       		CODE           	6FCE	0000	924

C:\Program Files\Microchip\xc8\v2.32\pic\sources\c99\common\sprcdiv.c estimated size: 924

C:\Program Files\Microchip\xc8\v2.32\pic\sources\c99\common\sqrtf.c
		_sqrtf         		CODE           	61FE	0000	1218

C:\Program Files\Microchip\xc8\v2.32\pic\sources\c99\common\sqrtf.c estimated size: 1218

C:\Program Files\Microchip\xc8\v2.32\pic\sources\c99\common\scalbnf.c
		_scalbnf       		CODE           	736A	0000	564

C:\Program Files\Microchip\xc8\v2.32\pic\sources\c99\common\scalbnf.c estimated size: 564

C:\Program Files\Microchip\xc8\v2.32\pic\sources\c99\common\fltol.c
		___fltol       		CODE           	8048	0000	262

C:\Program Files\Microchip\xc8\v2.32\pic\sources\c99\common\fltol.c estimated size: 262

C:\Program Files\Microchip\xc8\v2.32\pic\sources\c99\common\xxtofl.c
		___xxtofl      		CODE           	7BBA	0000	436

C:\Program Files\Microchip\xc8\v2.32\pic\sources\c99\common\xxtofl.c estimated size: 436

C:\Program Files\Microchip\xc8\v2.32\pic\sources\c99\common\printf.c
		_printf        		CODE           	8EC2	0000	40

C:\Program Files\Microchip\xc8\v2.32\pic\sources\c99\common\printf.c estimated size: 40

C:\Program Files\Microchip\xc8\v2.32\pic\sources\c99\common\nf_fputc.c
		_fputc         		CODE           	8728	0000	150

C:\Program Files\Microchip\xc8\v2.32\pic\sources\c99\common\nf_fputc.c estimated size: 150

mcc_generated_files/adcc.c
		_ADCC_Initialize		CODE           	8B3E	0000	92
		_ADCC_DischargeSampleCapacitor		CODE           	8FD0	0000	8

mcc_generated_files/adcc.c estimated size: 100

main.c
		_main          		CODE           	47D2	0000	1918
		_EKF           		CODE           	4F50	0000	1772
		_fk            		CODE           	759E	0000	564
		_hk            		CODE           	87BE	0000	126
		_VOC           		CODE           	8B9A	0000	90

main.c estimated size: 4470

C:\Program Files\Microchip\xc8\v2.32\pic\sources\c99\common\strlen.c
		_strlen        		CODE           	8D24	0000	58

C:\Program Files\Microchip\xc8\v2.32\pic\sources\c99\common\strlen.c estimated size: 58

C:\Program Files\Microchip\xc8\v2.32\pic\sources\c99\common\flge.c
		___flge        		CODE           	814E	0000	260

C:\Program Files\Microchip\xc8\v2.32\pic\sources\c99\common\flge.c estimated size: 260

C:\Program Files\Microchip\xc8\v2.32\pic\sources\c99\common\floorf.c
		_floorf        		CODE           	77D2	0000	534

C:\Program Files\Microchip\xc8\v2.32\pic\sources\c99\common\floorf.c estimated size: 534

C:\Program Files\Microchip\xc8\v2.32\pic\sources\c99\common\strcpy.c
		_strcpy        		CODE           	89A0	0000	106

C:\Program Files\Microchip\xc8\v2.32\pic\sources\c99\common\strcpy.c estimated size: 106

