Microchip MPLAB XC8 Compiler V2.32

Linker command line:

-W-3 --edf=C:\Program Files\Microchip\xc8\v2.32\pic\dat\en_msgs.txt -cn \
  -h+dist/default/production\SOC_Estimation_FE10.X.production.sym \
  --cmf=dist/default/production\SOC_Estimation_FE10.X.production.cmf -z \
  -Q18LF26K83 -oC:\Users\Melody\AppData\Local\Temp\xcAsl4o.4 \
  --defsym=__MPLAB_BUILD=1 \
  -Mdist/default/production/SOC_Estimation_FE10.X.production.map -E1 \
  -ver=XC8 Compiler --acfsm=1493 -ASTACK=037Eh-0FFFh -pstack=STACK \
  -ACODE=00h-0FFFFh -ACONST=00h-0FFFFh -ASMALLCONST=01000h-010FFhx240 \
  -AMEDIUMCONST=01000h-0FFFFh -ACOMRAM=01h-05Fh -AABS1=00h-0FFFh \
  -ABIGRAM=01h-0FFFh -ARAM=060h-0FFh,0100h-01FFhx15 -ABANK0=060h-0FFh \
  -ABANK1=0100h-01FFh -ABANK2=0200h-02FFh -ABANK3=0300h-03FFh \
  -ABANK4=0400h-04FFh -ABANK5=0500h-05FFh -ABANK6=0600h-06FFh \
  -ABANK7=0700h-07FFh -ABANK8=0800h-08FFh -ABANK9=0900h-09FFh \
  -ABANK10=0A00h-0AFFh -ABANK11=0B00h-0BFFh -ABANK12=0C00h-0CFFh \
  -ABANK13=0D00h-0DFFh -ABANK14=0E00h-0EFFh -ABANK15=0F00h-0FFFh \
  -ASFR=03700h-037FFhx8,03F00h-03F5Fh,03F60h-03FFFh \
  -ACONFIG=0300000h-0300009h -AIDLOC=0200000h-020000Fh \
  -AEEDATA=0310000h-03103FFh -peeprom_data=EEDATA -preset_vec=00h \
  -ppowerup=CODE,init -pramtop=01000h -psmallconst=SMALLCONST \
  -pmediumconst=MEDIUMCONST -pconst=CONST -AFARRAM=00h-00h \
  -prdata=COMRAM,nvrram=COMRAM,nvbit=COMRAM,rbss=COMRAM,rbit=COMRAM \
  -pfarbss=FARRAM,fardata=FARRAM,nvFARRAM=FARRAM \
  -pintsave_regs=BIGRAM,bigbss=BIGRAM,bigdata=BIGRAM -pbss=RAM \
  -pidata=CODE,irdata=CODE,ibigdata=CODE,ifardata=CODE -prparam=COMRAM \
  C:\Users\Melody\AppData\Local\Temp\xcAsl4o.o \
  dist/default/production\SOC_Estimation_FE10.X.production.o 

Object code version is 3.11

Machine type is 18LF26K83



                Name                               Link     Load   Length Selector   Space Scale
C:\Users\Melody\AppData\Local\Temp\xcAsl4o.o
                idloc                            200000   200000       10        0       5
                config                           300000   300000        A        0       4
                init                               FFFC     FFFC        4     7FFE       0
                reset_vec                             0        0        4        0       0
dist/default/production\SOC_Estimation_FE10.X.production.o
                idloc                            200000   200000       10        0       5
                config                           300000   300000        A        0       4
                smallconst                         1000     1000       9C      800       0
                text41                             721A     721A        8      84E       0
                text40                             5DA4     5DA4      39C      84E       0
                text39                             5956     5956      44E      84E       0
                text38                             5496     5496      4C0      84E       0
                text37                             702A     702A       46      84E       0
                text36                             7110     7110       2A      84E       0
                text35                             6DD4     6DD4       78      84E       0
                text34                             6D58     6D58       7C      84E       0
                text33                             6374     6374      234      84E       0
                text32                             6F7C     6F7C       5A      84E       0
                text31                             6CDA     6CDA       7E      84E       0
                text30                             6EB6     6EB6       6A      84E       0
                text29                             70DC     70DC       34      84E       0
                text28                             675C     675C      1A4      84E       0
                text27                             7070     7070       38      84E       0
                text26                             65A8     65A8      1B4      84E       0
                text25                             70A8     70A8       34      84E       0
                text24                             6140     6140      234      84E       0
                text23                             6B32     6B32      104      84E       0
                text22                             715E     715E       22      84E       0
                text21                             4FD4     4FD4      4C2      84E       0
                text20                             109C     109C     2A62      84E       0
                text19                             42BC     42BC      6EC      84E       0
                text18                             6F20     6F20       5C      84E       0
                text17                             71B8     71B8       18      84E       0
                text16                             6FD6     6FD6       54      84E       0
                text15                             713A     713A       24      84E       0
                text14                             71E6     71E6       16      84E       0
                text13                             7210     7210        A      84E       0
                text12                             7206     7206        A      84E       0
                text11                             71FC     71FC        A      84E       0
                text10                             6E4C     6E4C       6A      84E       0
                text9                              719E     719E       1A      84E       0
                text8                              71D0     71D0       16      84E       0
                text7                              7226     7226        2      84E       0
                text6                              7224     7224        2      84E       0
                text5                              7222     7222        2      84E       0
                text4                              6C36     6C36       A4      84E       0
                text3                              6A2C     6A2C      106      84E       0
                text2                              49A8     49A8      62C      84E       0
                text1                              6900     6900      12C      84E       0
                text0                              3AFE     3AFE      7BE      84E       0
                cstackCOMRAM                          1        1       5F        1       1
                cstackBANK0                          60       60       A0       60       1
                cstackBANK1                         100      100       F8      100       1
                cstackBANK2                         200      200       F0      200       1
                cstackBANK3                         300      300       7E      300       1
                bssBANK2                            2F0      2F0        8      200       1
                bssBANK1                            1F8      1F8        7      100       1
                cinit                              7180     7180       1E      84E       0
                nvBANK2                             2F8      2F8        6      200       1

TOTAL           Name                               Link     Load   Length     Space
        CLASS   STACK          

        CLASS   CODE           
                init                               FFFC     FFFC        4         0
                reset_vec                             0        0        4         0
                text41                             721A     721A        8         0
                text40                             5DA4     5DA4      39C         0
                text39                             5956     5956      44E         0
                text38                             5496     5496      4C0         0
                text37                             702A     702A       46         0
                text36                             7110     7110       2A         0
                text35                             6DD4     6DD4       78         0
                text34                             6D58     6D58       7C         0
                text33                             6374     6374      234         0
                text32                             6F7C     6F7C       5A         0
                text31                             6CDA     6CDA       7E         0
                text30                             6EB6     6EB6       6A         0
                text29                             70DC     70DC       34         0
                text28                             675C     675C      1A4         0
                text27                             7070     7070       38         0
                text26                             65A8     65A8      1B4         0
                text25                             70A8     70A8       34         0
                text24                             6140     6140      234         0
                text23                             6B32     6B32      104         0
                text22                             715E     715E       22         0
                text21                             4FD4     4FD4      4C2         0
                text20                             109C     109C     2A62         0
                text19                             42BC     42BC      6EC         0
                text18                             6F20     6F20       5C         0
                text17                             71B8     71B8       18         0
                text16                             6FD6     6FD6       54         0
                text15                             713A     713A       24         0
                text14                             71E6     71E6       16         0
                text13                             7210     7210        A         0
                text12                             7206     7206        A         0
                text11                             71FC     71FC        A         0
                text10                             6E4C     6E4C       6A         0
                text9                              719E     719E       1A         0
                text8                              71D0     71D0       16         0
                text7                              7226     7226        2         0
                text6                              7224     7224        2         0
                text5                              7222     7222        2         0
                text4                              6C36     6C36       A4         0
                text3                              6A2C     6A2C      106         0
                text2                              49A8     49A8      62C         0
                text1                              6900     6900      12C         0
                text0                              3AFE     3AFE      7BE         0
                cinit                              7180     7180       1E         0

        CLASS   CONST          

        CLASS   SMALLCONST     
                smallconst                         1000     1000       9C         0

        CLASS   MEDIUMCONST    

        CLASS   COMRAM         
                cstackCOMRAM                          1        1       5F         1

        CLASS   ABS1           

        CLASS   BIGRAM         

        CLASS   RAM            

        CLASS   BANK0          
                cstackBANK0                          60       60       A0         1

        CLASS   BANK1          
                cstackBANK1                         100      100       F8         1
                bssBANK1                            1F8      1F8        7         1

        CLASS   BANK2          
                cstackBANK2                         200      200       F0         1
                bssBANK2                            2F0      2F0        8         1
                nvBANK2                             2F8      2F8        6         1

        CLASS   BANK3          
                cstackBANK3                         300      300       7E         1

        CLASS   BANK4          

        CLASS   BANK5          

        CLASS   BANK6          

        CLASS   BANK7          

        CLASS   BANK8          

        CLASS   BANK9          

        CLASS   BANK10         

        CLASS   BANK11         

        CLASS   BANK12         

        CLASS   BANK13         

        CLASS   BANK14         

        CLASS   BANK15         

        CLASS   SFR            

        CLASS   CONFIG         
                config                           300000   300000        A         4

        CLASS   IDLOC          
                idloc                            200000   200000       10         5

        CLASS   EEDATA         

        CLASS   FARRAM         



SEGMENTS        Name                           Load    Length   Top    Selector   Space  Class

                reset_vec                      000000  000004  000004         0       0  CODE    
                cstackCOMRAM                   000001  00005F  000060         1       1  COMRAM  
                cstackBANK0                    000060  0000A0  000100        60       1  BANK0   
                cstackBANK1                    000100  0000FF  0001FF       100       1  BANK1   
                cstackBANK2                    000200  0000FE  0002FE       200       1  BANK2   
                cstackBANK3                    000300  00007E  00037E       300       1  BANK3   
                smallconst                     001000  00009C  00109C       800       0  SMALLCON
                text20                         00109C  00618C  007228       84E       0  CODE    
                init                           00FFFC  000004  010000      7FFE       0  CODE    


UNUSED ADDRESS RANGES

        Name                Unused          Largest block    Delta
        BANK1            0001FF-0001FF                1
        BANK10           000A00-000AFF              100
        BANK11           000B00-000BFF              100
        BANK12           000C00-000CFF              100
        BANK13           000D00-000DFF              100
        BANK14           000E00-000EFF              100
        BANK15           000F00-000FFF              100
        BANK2            0002FE-0002FF                2
        BANK3            00037E-0003FF               82
        BANK4            000400-0004FF              100
        BANK5            000500-0005FF              100
        BANK6            000600-0006FF              100
        BANK7            000700-0007FF              100
        BANK8            000800-0008FF              100
        BANK9            000900-0009FF              100
        BIGRAM           0001FF-0001FF                1
                         0002FE-0002FF                2
                         00037E-000FFF              C82
        CODE             000004-000FFF              FFC
                         007228-00FFFB             8DD4
        CONST            000004-000FFF              FFC
                         007228-00FFFB             8DD4
        EEDATA           310000-3103FF              400
        MEDIUMCONST      007228-00FFFB             8DD4
        RAM              0001FF-0001FF                1
                         0002FE-0002FF                2
                         00037E-000FFF              100
        SFR              003700-003FFF              100
        SMALLCONST       007228-00FFFB              100
        STACK            00037E-000FFF              C82

                                  Symbol Table

?_VOC                                         cstackCOMRAM 00003A
?___fladd                                     cstackCOMRAM 00002A
?___fldiv                                     cstackCOMRAM 00004A
?___flmul                                     cstackCOMRAM 000011
?___flneg                                     cstackCOMRAM 000001
?___flsub                                     cstackCOMRAM 000042
?___fltol                                     cstackCOMRAM 00003A
?___wmul                                      cstackCOMRAM 000001
?___xxtofl                                    cstackCOMRAM 000001
?_expf                                        cstackCOMRAM 000056
?_fabsf                                       cstackCOMRAM 000001
?_hk                                          cstackCOMRAM 00004A
?_mat_get                                     cstackCOMRAM 000007
?_nanf                                        cstackCOMRAM 000001
?_powf                                        cstackBANK0  000084
?_scalbnf                                     cstackCOMRAM 00002A
?_sqrtf                                       cstackCOMRAM 000056
EKF@Aprime                                    cstackBANK2  000218
EKF@Aprime_transpose                          cstackBANK2  000234
EKF@Cbat                                      cstackBANK2  000226
EKF@Cc                                        cstackBANK2  00022A
EKF@Cprime                                    cstackBANK2  00021A
EKF@Cprime_transpose                          cstackBANK2  000242
EKF@Eprime                                    cstackBANK2  00021C
EKF@Eprime_transpose                          cstackBANK2  000236
EKF@Fprime                                    cstackBANK2  00021E
EKF@I                                         cstackBANK2  000204
EKF@Ik_1                                      cstackBANK2  000208
EKF@Lk                                        cstackBANK2  000244
EKF@P                                         cstackBANK2  000240
EKF@PCorrected                                cstackBANK2  00024C
EKF@Pk_1                                      cstackBANK2  000202
EKF@Qk1                                       cstackBANK2  000232
EKF@R0                                        cstackBANK2  000246
EKF@Rc                                        cstackBANK2  00022E
EKF@Rk                                        cstackBANK2  000214
EKF@V                                         cstackBANK2  00020C
EKF@Voc0                                      cstackBANK2  000210
EKF@col                                       cstackBANK0  0000E4
EKF@combined_error                            cstackBANK0  0000DF
EKF@dt                                        cstackBANK2  000222
EKF@error_estimate                            cstackBANK0  0000DB
EKF@fk_                                       cstackBANK2  000220
EKF@index                                     cstackBANK0  0000E3
EKF@row                                       cstackBANK0  0000E5
EKF@sub_mat_1                                 cstackBANK2  000238
EKF@sub_mat_2                                 cstackBANK2  00023A
EKF@sub_mat_3                                 cstackBANK2  00023C
EKF@temp_val                                  cstackBANK0  0000D7
EKF@xhat                                      cstackBANK2  00023E
EKF@xhatCorrected                             cstackBANK2  00024A
EKF@xhatk_1                                   cstackBANK2  000200
UART1_SetErrorHandler@interruptHandler        cstackCOMRAM 000001
UART1_SetFramingErrorHandler@interruptHandler cstackCOMRAM 000001
UART1_SetOverrunErrorHandler@interruptHandler cstackCOMRAM 000001
VOC@SOC                                       cstackCOMRAM 00003A
VOC@Voc0                                      cstackCOMRAM 00003E
_ADACCH                                       (abs)        003EE9
_ADACCL                                       (abs)        003EE8
_ADACCU                                       (abs)        003EEA
_ADACQH                                       (abs)        003EF4
_ADACQL                                       (abs)        003EF3
_ADACT                                        (abs)        003EFE
_ADCAP                                        (abs)        003EF5
_ADCC_DischargeSampleCapacitor                text41       00721A
_ADCC_Initialize                              text18       006F20
_ADCLK                                        (abs)        003EFF
_ADCNT                                        (abs)        003EEB
_ADCON0                                       (abs)        003EF8
_ADCON0bits                                   (abs)        003EF8
_ADCON1                                       (abs)        003EF9
_ADCON1bits                                   (abs)        003EF9
_ADCON2                                       (abs)        003EFA
_ADCON2bits                                   (abs)        003EFA
_ADCON3                                       (abs)        003EFB
_ADCON3bits                                   (abs)        003EFB
_ADERRH                                       (abs)        003EE3
_ADERRL                                       (abs)        003EE2
_ADFLTRH                                      (abs)        003EE7
_ADFLTRL                                      (abs)        003EE6
_ADLTHH                                       (abs)        003EDF
_ADLTHL                                       (abs)        003EDE
_ADPCH                                        (abs)        003EF1
_ADPREH                                       (abs)        003EF7
_ADPREL                                       (abs)        003EF6
_ADPREVH                                      (abs)        003EEE
_ADPREVL                                      (abs)        003EED
_ADREF                                        (abs)        003EFD
_ADRESH                                       (abs)        003EF0
_ADRESL                                       (abs)        003EEF
_ADRPT                                        (abs)        003EEC
_ADSTAT                                       (abs)        003EFC
_ADSTATbits                                   (abs)        003EFC
_ADSTPTH                                      (abs)        003EE5
_ADSTPTL                                      (abs)        003EE4
_ADUTHH                                       (abs)        003EE1
_ADUTHL                                       (abs)        003EE0
_ANSELA                                       (abs)        003A40
_ANSELB                                       (abs)        003A50
_ANSELC                                       (abs)        003A60
_EKF                                          text19       0042BC
_EKF$1990                                     cstackBANK0  0000CB
_EKF$1991                                     cstackBANK0  0000CF
_EKF$1992                                     cstackBANK0  0000D3
_INLVLA                                       (abs)        003A44
_INLVLB                                       (abs)        003A54
_INLVLC                                       (abs)        003A64
_INLVLE                                       (abs)        003A84
_LATA                                         (abs)        003FBA
_LATB                                         (abs)        003FBB
_LATC                                         (abs)        003FBC
_ODCONA                                       (abs)        003A42
_ODCONB                                       (abs)        003A52
_ODCONC                                       (abs)        003A62
_OSCCON1                                      (abs)        0039D9
_OSCCON3                                      (abs)        0039DB
_OSCEN                                        (abs)        0039DD
_OSCFRQ                                       (abs)        0039DF
_OSCILLATOR_Initialize                        text17       0071B8
_OSCTUNE                                      (abs)        0039DE
_PIN_MANAGER_Initialize                       text16       006FD6
_PIR3bits                                     (abs)        0039A3
_PMD0                                         (abs)        0039C0
_PMD1                                         (abs)        0039C1
_PMD2                                         (abs)        0039C2
_PMD3                                         (abs)        0039C3
_PMD4                                         (abs)        0039C4
_PMD5                                         (abs)        0039C5
_PMD6                                         (abs)        0039C6
_PMD7                                         (abs)        0039C7
_PMD_Initialize                               text15       00713A
_RC6PPS                                       (abs)        003A16
_SLRCONA                                      (abs)        003A43
_SLRCONB                                      (abs)        003A53
_SLRCONC                                      (abs)        003A63
_SYSTEM_Initialize                            text9        00719E
_T0CON0                                       (abs)        003FB8
_T0CON0bits                                   (abs)        003FB8
_T0CON1                                       (abs)        003FB9
_TMR0H                                        (abs)        003FB7
_TMR0L                                        (abs)        003FB6
_TMR0_HasOverflowOccured                      text8        0071D0
_TMR0_Initialize                              text14       0071E6
_TRISA                                        (abs)        003FC2
_TRISB                                        (abs)        003FC3
_TRISC                                        (abs)        003FC4
_U1BRGH                                       (abs)        003DF6
_U1BRGL                                       (abs)        003DF5
_U1CON0                                       (abs)        003DF2
_U1CON0bits                                   (abs)        003DF2
_U1CON1                                       (abs)        003DF3
_U1CON2                                       (abs)        003DF4
_U1ERRIE                                      (abs)        003DFA
_U1ERRIR                                      (abs)        003DF9
_U1ERRIRbits                                  (abs)        003DF9
_U1FIFO                                       (abs)        003DF7
_U1P1H                                        (abs)        003DED
_U1P1L                                        (abs)        003DEC
_U1P2H                                        (abs)        003DEF
_U1P2L                                        (abs)        003DEE
_U1P3H                                        (abs)        003DF1
_U1P3L                                        (abs)        003DF0
_U1RXB                                        (abs)        003DE8
_U1RXPPS                                      (abs)        003AE7
_U1TXB                                        (abs)        003DEA
_U1UIR                                        (abs)        003DF8
_UART1_DefaultErrorHandler                    text7        007226
_UART1_DefaultFramingErrorHandler             text6        007224
_UART1_DefaultOverrunErrorHandler             text5        007222
_UART1_ErrorHandler                           nvBANK2      0002F8
_UART1_FramingErrorHandler                    nvBANK2      0002FC
_UART1_Initialize                             text10       006E4C
_UART1_OverrunErrorHandler                    nvBANK2      0002FA
_UART1_Read                                   text4        006C36
_UART1_SetErrorHandler                        text13       007210
_UART1_SetFramingErrorHandler                 text12       007206
_UART1_SetOverrunErrorHandler                 text11       0071FC
_VOC                                          text32       006F7C
_WPUA                                         (abs)        003A41
_WPUB                                         (abs)        003A51
_WPUC                                         (abs)        003A61
_WPUE                                         (abs)        003A81
__HRAM                                        (abs)        000000
__Habs1                                       abs1         000000
__Hbank0                                      bank0        000000
__Hbank1                                      bank1        000000
__Hbank10                                     bank10       000000
__Hbank11                                     bank11       000000
__Hbank12                                     bank12       000000
__Hbank13                                     bank13       000000
__Hbank14                                     bank14       000000
__Hbank15                                     bank15       000000
__Hbank2                                      bank2        000000
__Hbank3                                      bank3        000000
__Hbank4                                      bank4        000000
__Hbank5                                      bank5        000000
__Hbank6                                      bank6        000000
__Hbank7                                      bank7        000000
__Hbank8                                      bank8        000000
__Hbank9                                      bank9        000000
__Hbigbss                                     bigbss       000000
__Hbigdata                                    bigdata      000000
__Hbigram                                     bigram       000000
__Hbss                                        bss          000000
__HbssBANK1                                   bssBANK1     000000
__HbssBANK2                                   bssBANK2     000000
__Hcinit                                      cinit        000000
__Hclrtext                                    clrtext      000000
__Hcomram                                     comram       000000
__Hconfig                                     config       30000A
__Hconst                                      const        000000
__HcstackBANK0                                cstackBANK0  000000
__HcstackBANK1                                cstackBANK1  000000
__HcstackBANK2                                cstackBANK2  000000
__HcstackBANK3                                cstackBANK3  000000
__HcstackCOMRAM                               cstackCOMRAM 000000
__Hdata                                       data         000000
__Heeprom_data                                eeprom_data  000000
__Hfarbss                                     farbss       000000
__Hfardata                                    fardata      000000
__Hibigdata                                   ibigdata     000000
__Hidata                                      idata        000000
__Hidloc                                      idloc        200010
__Hifardata                                   ifardata     000000
__Hinit                                       init         010000
__Hintsave_regs                               intsave_regs 000000
__Hirdata                                     irdata       000000
__Hmediumconst                                mediumconst  000000
__HnvBANK2                                    nvBANK2      000000
__HnvFARRAM                                   nvFARRAM     000000
__Hnvbit                                      nvbit        000000
__Hnvrram                                     nvrram       000000
__Hparam                                      rparam       000000
__Hpowerup                                    powerup      000000
__Hram                                        ram          000000
__Hramtop                                     ramtop       001000
__Hrbit                                       rbit         000000
__Hrbss                                       rbss         000000
__Hrdata                                      rdata        000000
__Hreset_vec                                  reset_vec    000004
__Hrparam                                     rparam       000000
__Hsfr                                        sfr          000000
__Hsmallconst                                 smallconst   00109C
__Hspace_0                                    (abs)        010000
__Hspace_1                                    (abs)        00037E
__Hspace_2                                    (abs)        000000
__Hspace_4                                    (abs)        60000A
__Hstack                                      stack        000000
__Hstruct                                     struct       000000
__Htemp                                       temp         000000
__Htext                                       text         000000
__Htext0                                      text0        000000
__Htext1                                      text1        000000
__Htext10                                     text10       000000
__Htext11                                     text11       000000
__Htext12                                     text12       000000
__Htext13                                     text13       000000
__Htext14                                     text14       000000
__Htext15                                     text15       000000
__Htext16                                     text16       000000
__Htext17                                     text17       000000
__Htext18                                     text18       000000
__Htext19                                     text19       000000
__Htext2                                      text2        000000
__Htext20                                     text20       000000
__Htext21                                     text21       000000
__Htext22                                     text22       000000
__Htext23                                     text23       000000
__Htext24                                     text24       000000
__Htext25                                     text25       000000
__Htext26                                     text26       000000
__Htext27                                     text27       000000
__Htext28                                     text28       000000
__Htext29                                     text29       000000
__Htext3                                      text3        000000
__Htext30                                     text30       000000
__Htext31                                     text31       000000
__Htext32                                     text32       000000
__Htext33                                     text33       000000
__Htext34                                     text34       000000
__Htext35                                     text35       000000
__Htext36                                     text36       000000
__Htext37                                     text37       000000
__Htext38                                     text38       000000
__Htext39                                     text39       000000
__Htext4                                      text4        000000
__Htext40                                     text40       000000
__Htext41                                     text41       000000
__Htext42                                     text42       000000
__Htext5                                      text5        000000
__Htext6                                      text6        000000
__Htext7                                      text7        000000
__Htext8                                      text8        000000
__Htext9                                      text9        000000
__LRAM                                        (abs)        000001
__Labs1                                       abs1         000000
__Lbank0                                      bank0        000000
__Lbank1                                      bank1        000000
__Lbank10                                     bank10       000000
__Lbank11                                     bank11       000000
__Lbank12                                     bank12       000000
__Lbank13                                     bank13       000000
__Lbank14                                     bank14       000000
__Lbank15                                     bank15       000000
__Lbank2                                      bank2        000000
__Lbank3                                      bank3        000000
__Lbank4                                      bank4        000000
__Lbank5                                      bank5        000000
__Lbank6                                      bank6        000000
__Lbank7                                      bank7        000000
__Lbank8                                      bank8        000000
__Lbank9                                      bank9        000000
__Lbigbss                                     bigbss       000000
__Lbigdata                                    bigdata      000000
__Lbigram                                     bigram       000000
__Lbss                                        bss          000000
__LbssBANK1                                   bssBANK1     000000
__LbssBANK2                                   bssBANK2     000000
__Lcinit                                      cinit        000000
__Lclrtext                                    clrtext      000000
__Lcomram                                     comram       000000
__Lconfig                                     config       000000
__Lconst                                      const        000000
__LcstackBANK0                                cstackBANK0  000000
__LcstackBANK1                                cstackBANK1  000000
__LcstackBANK2                                cstackBANK2  000000
__LcstackBANK3                                cstackBANK3  000000
__LcstackCOMRAM                               cstackCOMRAM 000000
__Ldata                                       data         000000
__Leeprom_data                                eeprom_data  000000
__Lfarbss                                     farbss       000000
__Lfardata                                    fardata      000000
__Libigdata                                   ibigdata     000000
__Lidata                                      idata        000000
__Lidloc                                      idloc        000000
__Lifardata                                   ifardata     000000
__Linit                                       init         00FFFC
__Lintsave_regs                               intsave_regs 000000
__Lirdata                                     irdata       000000
__Lmediumconst                                mediumconst  000000
__LnvBANK2                                    nvBANK2      000000
__LnvFARRAM                                   nvFARRAM     000000
__Lnvbit                                      nvbit        000000
__Lnvrram                                     nvrram       000000
__Lparam                                      rparam       000000
__Lpowerup                                    powerup      000000
__Lram                                        ram          000000
__Lramtop                                     ramtop       001000
__Lrbit                                       rbit         000000
__Lrbss                                       rbss         000000
__Lrdata                                      rdata        000000
__Lreset_vec                                  reset_vec    000000
__Lrparam                                     rparam       000000
__Lsfr                                        sfr          000000
__Lsmallconst                                 smallconst   001000
__Lspace_0                                    (abs)        000000
__Lspace_1                                    (abs)        000000
__Lspace_2                                    (abs)        000000
__Lspace_4                                    (abs)        000000
__Lstack                                      stack        000000
__Lstruct                                     struct       000000
__Ltemp                                       temp         000000
__Ltext                                       text         000000
__Ltext0                                      text0        000000
__Ltext1                                      text1        000000
__Ltext10                                     text10       000000
__Ltext11                                     text11       000000
__Ltext12                                     text12       000000
__Ltext13                                     text13       000000
__Ltext14                                     text14       000000
__Ltext15                                     text15       000000
__Ltext16                                     text16       000000
__Ltext17                                     text17       000000
__Ltext18                                     text18       000000
__Ltext19                                     text19       000000
__Ltext2                                      text2        000000
__Ltext20                                     text20       000000
__Ltext21                                     text21       000000
__Ltext22                                     text22       000000
__Ltext23                                     text23       000000
__Ltext24                                     text24       000000
__Ltext25                                     text25       000000
__Ltext26                                     text26       000000
__Ltext27                                     text27       000000
__Ltext28                                     text28       000000
__Ltext29                                     text29       000000
__Ltext3                                      text3        000000
__Ltext30                                     text30       000000
__Ltext31                                     text31       000000
__Ltext32                                     text32       000000
__Ltext33                                     text33       000000
__Ltext34                                     text34       000000
__Ltext35                                     text35       000000
__Ltext36                                     text36       000000
__Ltext37                                     text37       000000
__Ltext38                                     text38       000000
__Ltext39                                     text39       000000
__Ltext4                                      text4        000000
__Ltext40                                     text40       000000
__Ltext41                                     text41       000000
__Ltext42                                     text42       000000
__Ltext5                                      text5        000000
__Ltext6                                      text6        000000
__Ltext7                                      text7        000000
__Ltext8                                      text8        000000
__Ltext9                                      text9        000000
__S0                                          (abs)        010000
__S1                                          (abs)        00037E
__S2                                          (abs)        000000
__S4                                          (abs)        000000
__S5                                          (abs)        000000
___fladd                                      text38       005496
___fladd@a                                    cstackCOMRAM 00002E
___fladd@aexp                                 cstackCOMRAM 000037
___fladd@b                                    cstackCOMRAM 00002A
___fladd@bexp                                 cstackCOMRAM 000038
___fladd@grs                                  cstackCOMRAM 000039
___fladd@signs                                cstackCOMRAM 000036
___fldiv                                      text40       005DA4
___fldiv@a                                    cstackCOMRAM 00004E
___fldiv@aexp                                 cstackBANK0  00006C
___fldiv@b                                    cstackCOMRAM 00004A
___fldiv@bexp                                 cstackBANK0  00006B
___fldiv@grs                                  cstackBANK0  000067
___fldiv@new_exp                              cstackBANK0  000065
___fldiv@rem                                  cstackBANK0  000060
___fldiv@sign                                 cstackBANK0  000064
___flge                                       text23       006B32
___flge@ff1                                   cstackCOMRAM 00004A
___flge@ff2                                   cstackCOMRAM 00004E
___flmul                                      text39       005956
___flmul@a                                    cstackCOMRAM 000015
___flmul@aexp                                 cstackCOMRAM 000022
___flmul@b                                    cstackCOMRAM 000011
___flmul@bexp                                 cstackCOMRAM 000023
___flmul@grs                                  cstackCOMRAM 00001E
___flmul@prod                                 cstackCOMRAM 000024
___flmul@sign                                 cstackCOMRAM 00001D
___flmul@temp                                 cstackCOMRAM 000028
___flneg                                      text27       007070
___flneg@f1                                   cstackCOMRAM 000001
___flsub                                      text37       00702A
___flsub@a                                    cstackCOMRAM 000046
___flsub@b                                    cstackCOMRAM 000042
___fltol                                      text3        006A2C
___fltol@exp1                                 cstackCOMRAM 000043
___fltol@f1                                   cstackCOMRAM 00003A
___fltol@sign1                                cstackCOMRAM 000042
___inthi_sp                                   stack        000000
___intlo_sp                                   stack        000000
___param_bank                                 (abs)        000000
___rparam_used                                (abs)        000001
___sp                                         stack        000000
___wmul                                       text36       007110
___wmul@multiplicand                          cstackCOMRAM 000003
___wmul@multiplier                            cstackCOMRAM 000001
___wmul@product                               cstackCOMRAM 000005
___xxtofl                                     text26       0065A8
___xxtofl@arg                                 cstackCOMRAM 00000B
___xxtofl@exp                                 cstackCOMRAM 00000A
___xxtofl@sign                                cstackCOMRAM 000009
___xxtofl@val                                 cstackCOMRAM 000001
__accesstop                                   (abs)        000060
__activetblptr                                (abs)        000003
__end_of_ADCC_DischargeSampleCapacitor        text41       007222
__end_of_ADCC_Initialize                      text18       006F7C
__end_of_EKF                                  text19       0049A8
__end_of_L1                                   smallconst   001065
__end_of_L2                                   smallconst   001061
__end_of_L3                                   smallconst   00105D
__end_of_L4                                   smallconst   001059
__end_of_L5                                   smallconst   001055
__end_of_L6                                   smallconst   001051
__end_of_OSCILLATOR_Initialize                text17       0071D0
__end_of_P1                                   smallconst   001079
__end_of_P1@powf$F1575                        smallconst   00104D
__end_of_P2                                   smallconst   001075
__end_of_P2@powf$F1576                        smallconst   001049
__end_of_P3                                   smallconst   001045
__end_of_P4                                   smallconst   001041
__end_of_P5                                   smallconst   00103D
__end_of_PIN_MANAGER_Initialize               text16       00702A
__end_of_PMD_Initialize                       text15       00715E
__end_of_SYSTEM_Initialize                    text9        0071B8
__end_of_TMR0_HasOverflowOccured              text8        0071E6
__end_of_TMR0_Initialize                      text14       0071FC
__end_of_UART1_DefaultErrorHandler            text7        007228
__end_of_UART1_DefaultFramingErrorHandler     text6        007226
__end_of_UART1_DefaultOverrunErrorHandler     text5        007224
__end_of_UART1_Initialize                     text10       006EB6
__end_of_UART1_Read                           text4        006CDA
__end_of_UART1_SetErrorHandler                text13       00721A
__end_of_UART1_SetFramingErrorHandler         text12       007210
__end_of_UART1_SetOverrunErrorHandler         text11       007206
__end_of_VOC                                  text32       006FD6
__end_of___fladd                              text38       005956
__end_of___fldiv                              text40       006140
__end_of___flge                               text23       006C36
__end_of___flmul                              text39       005DA4
__end_of___flneg                              text27       0070A8
__end_of___flsub                              text37       007070
__end_of___fltol                              text3        006B32
__end_of___wmul                               text36       00713A
__end_of___xxtofl                             text26       00675C
__end_of__initialization                      cinit        007198
__end_of_bp                                   smallconst   001089
__end_of_cp                                   smallconst   001029
__end_of_cp_h                                 smallconst   001095
__end_of_cp_l                                 smallconst   001091
__end_of_dp_h                                 smallconst   001011
__end_of_dp_l                                 smallconst   001009
__end_of_expf                                 text2        004FD4
__end_of_fabsf                                text25       0070DC
__end_of_fk                                   text33       0065A8
__end_of_half                                 smallconst   001019
__end_of_hk                                   text31       006D58
__end_of_huge                                 smallconst   00106D
__end_of_invln2                               smallconst   001099
__end_of_ivln2                                smallconst   001025
__end_of_ivln2_h                              smallconst   00108D
__end_of_ivln2_l                              smallconst   001021
__end_of_lg2                                  smallconst   001039
__end_of_lg2_h                                smallconst   001035
__end_of_lg2_l                                smallconst   001031
__end_of_ln2hi                                smallconst   001081
__end_of_ln2lo                                smallconst   00107D
__end_of_main                                 text0        0042BC
__end_of_mat_fill_zero                        text30       006F20
__end_of_mat_get                              text35       006E4C
__end_of_mat_init                             text29       007110
__end_of_mat_multiply                         text28       006900
__end_of_mat_set                              text34       006DD4
__end_of_mat_transpose                        text1        006A2C
__end_of_nanf                                 text22       007180
__end_of_ovt                                  smallconst   00102D
__end_of_powf                                 text20       003AFE
__end_of_scalbnf                              text24       006374
__end_of_sqrtf                                text21       005496
__end_of_tiny                                 smallconst   001069
__end_of_tiny@sqrtf$F1660                     smallconst   00101D
__end_of_two24                                smallconst   001071
__initialization                              cinit        007180
__mediumconst                                 mediumconst  000000
__pbssBANK1                                   bssBANK1     0001F8
__pbssBANK2                                   bssBANK2     0002F0
__pcinit                                      cinit        007180
__pcstackBANK0                                cstackBANK0  000060
__pcstackBANK1                                cstackBANK1  000100
__pcstackBANK2                                cstackBANK2  000200
__pcstackBANK3                                cstackBANK3  000300
__pcstackCOMRAM                               cstackCOMRAM 000001
__pnvBANK2                                    nvBANK2      0002F8
__psmallconst                                 smallconst   001000
__ptext0                                      text0        003AFE
__ptext1                                      text1        006900
__ptext10                                     text10       006E4C
__ptext11                                     text11       0071FC
__ptext12                                     text12       007206
__ptext13                                     text13       007210
__ptext14                                     text14       0071E6
__ptext15                                     text15       00713A
__ptext16                                     text16       006FD6
__ptext17                                     text17       0071B8
__ptext18                                     text18       006F20
__ptext19                                     text19       0042BC
__ptext2                                      text2        0049A8
__ptext20                                     text20       00109C
__ptext21                                     text21       004FD4
__ptext22                                     text22       00715E
__ptext23                                     text23       006B32
__ptext24                                     text24       006140
__ptext25                                     text25       0070A8
__ptext26                                     text26       0065A8
__ptext27                                     text27       007070
__ptext28                                     text28       00675C
__ptext29                                     text29       0070DC
__ptext3                                      text3        006A2C
__ptext30                                     text30       006EB6
__ptext31                                     text31       006CDA
__ptext32                                     text32       006F7C
__ptext33                                     text33       006374
__ptext34                                     text34       006D58
__ptext35                                     text35       006DD4
__ptext36                                     text36       007110
__ptext37                                     text37       00702A
__ptext38                                     text38       005496
__ptext39                                     text39       005956
__ptext4                                      text4        006C36
__ptext40                                     text40       005DA4
__ptext41                                     text41       00721A
__ptext42                                     text42       000000
__ptext5                                      text5        007222
__ptext6                                      text6        007224
__ptext7                                      text7        007226
__ptext8                                      text8        0071D0
__ptext9                                      text9        00719E
__ramtop                                      ramtop       001000
__size_of_ADCC_DischargeSampleCapacitor       (abs)        000000
__size_of_ADCC_Initialize                     (abs)        000000
__size_of_EKF                                 (abs)        000000
__size_of_OSCILLATOR_Initialize               (abs)        000000
__size_of_PIN_MANAGER_Initialize              (abs)        000000
__size_of_PMD_Initialize                      (abs)        000000
__size_of_SYSTEM_Initialize                   (abs)        000000
__size_of_TMR0_HasOverflowOccured             (abs)        000000
__size_of_TMR0_Initialize                     (abs)        000000
__size_of_UART1_DefaultErrorHandler           (abs)        000000
__size_of_UART1_DefaultFramingErrorHandler    (abs)        000000
__size_of_UART1_DefaultOverrunErrorHandler    (abs)        000000
__size_of_UART1_Initialize                    (abs)        000000
__size_of_UART1_Read                          (abs)        000000
__size_of_UART1_SetErrorHandler               (abs)        000000
__size_of_UART1_SetFramingErrorHandler        (abs)        000000
__size_of_UART1_SetOverrunErrorHandler        (abs)        000000
__size_of_VOC                                 (abs)        000000
__size_of___fladd                             (abs)        000000
__size_of___fldiv                             (abs)        000000
__size_of___flge                              (abs)        000000
__size_of___flmul                             (abs)        000000
__size_of___flneg                             (abs)        000000
__size_of___flsub                             (abs)        000000
__size_of___fltol                             (abs)        000000
__size_of___wmul                              (abs)        000000
__size_of___xxtofl                            (abs)        000000
__size_of_expf                                (abs)        000000
__size_of_fabsf                               (abs)        000000
__size_of_fk                                  (abs)        000000
__size_of_hk                                  (abs)        000000
__size_of_main                                (abs)        000000
__size_of_mat_fill_zero                       (abs)        000000
__size_of_mat_get                             (abs)        000000
__size_of_mat_init                            (abs)        000000
__size_of_mat_multiply                        (abs)        000000
__size_of_mat_set                             (abs)        000000
__size_of_mat_transpose                       (abs)        000000
__size_of_nanf                                (abs)        000000
__size_of_powf                                (abs)        000000
__size_of_scalbnf                             (abs)        000000
__size_of_sqrtf                               (abs)        000000
__smallconst                                  smallconst   001000
_bp                                           smallconst   001081
_dp_h                                         smallconst   001009
_dp_l                                         smallconst   001001
_errno                                        bssBANK1     0001FC
_expf                                         text2        0049A8
_expf$1994                                    cstackBANK0  000071
_expf$1995                                    cstackBANK0  000075
_expf$1996                                    cstackBANK0  000079
_expf$1997                                    cstackBANK0  00007D
_fabsf                                        text25       0070A8
_fk                                           text33       006374
_half                                         smallconst   001011
_hk                                           text31       006CDA
_main                                         text0        003AFE
_main$1993                                    cstackBANK0  0000EC
_mat_fill_zero                                text30       006EB6
_mat_get                                      text35       006DD4
_mat_init                                     text29       0070DC
_mat_multiply                                 text28       00675C
_mat_set                                      text34       006D58
_mat_transpose                                text1        006900
_nanf                                         text22       00715E
_powf                                         text20       00109C
_powf$1998                                    cstackBANK1  0001A4
_powf$1999                                    cstackBANK1  000154
_powf$2000                                    cstackBANK1  000148
_powf$2001                                    cstackBANK1  000194
_powf$2002                                    cstackBANK1  000138
_powf$2003                                    cstackBANK1  000100
_powf$2004                                    cstackBANK1  000104
_powf$2005                                    cstackBANK1  000158
_powf$2006                                    cstackBANK1  00013C
_powf$2007                                    cstackBANK1  000140
_powf$2008                                    cstackBANK1  000108
_powf$2009                                    cstackBANK1  00010C
_powf$2010                                    cstackBANK1  000110
_powf$2011                                    cstackBANK1  000114
_powf$2012                                    cstackBANK1  000118
_scalbnf                                      text24       006140
_sqrtf                                        text21       004FD4
_uart1RxLastError                             bssBANK1     0001FE
end_of_initialization                         cinit        007198
expf@__xc8_float_word                         cstackBANK0  00006D
expf@c                                        cstackBANK0  000081
expf@hi                                       cstackBANK0  00008D
expf@hx                                       cstackBANK0  00009B
expf@k                                        cstackBANK0  000097
expf@lo                                       cstackBANK0  000091
expf@sign                                     cstackBANK0  000095
expf@x                                        cstackCOMRAM 000056
expf@xx                                       cstackBANK0  000085
expf@y                                        cstackBANK0  000089
fabsf@F465                                    bssBANK1     0001F8
fabsf@u                                       cstackCOMRAM 000005
fabsf@x                                       cstackCOMRAM 000001
fk@Cbat                                       cstackBANK0  0000B5
fk@Cc                                         cstackBANK0  0000B9
fk@I                                          cstackBANK0  0000AD
fk@Rc                                         cstackBANK0  0000BD
fk@array_mat                                  cstackBANK0  0000C3
fk@dt                                         cstackBANK0  0000B1
fk@fk_                                        cstackBANK0  0000C1
fk@xhatk_1                                    cstackBANK0  0000AB
hk@I                                          cstackCOMRAM 00004E
hk@R0                                         cstackCOMRAM 000056
hk@SOC_val                                    cstackCOMRAM 00004A
hk@Voc0                                       cstackCOMRAM 000052
intlevel0                                     text         000000
intlevel1                                     text         000000
intlevel2                                     text         000000
intlevel3                                     text         000000
isa$std                                       (abs)        000001
isa$xinst                                     (abs)        000000
main@Aprime                                   cstackBANK3  000348
main@Aprime_transpose                         cstackBANK1  0001E0
main@Cprime                                   cstackBANK3  00036C
main@Cprime_transpose                         cstackBANK3  000300
main@Eprime                                   cstackBANK3  00035A
main@Eprime_transpose                         cstackBANK2  000260
main@Fprime                                   cstackBANK2  0002DE
main@I                                        cstackBANK0  0000F8
main@Ik_1                                     cstackBANK0  0000E8
main@Lk                                       cstackBANK2  00024E
main@P                                        cstackBANK3  000312
main@PCorrected                               cstackBANK2  0002A8
main@Pk_1                                     cstackBANK3  000336
main@Qk1                                      cstackBANK2  0002CC
main@Rk                                       cstackBANK1  0001F3
main@V                                        cstackBANK0  0000FC
main@Vc                                       cstackBANK0  0000F4
main@actualSOC                                cstackBANK0  0000F0
main@cumulative_time                          cstackBANK0  0000E7
main@fk_                                      cstackBANK1  0001CE
main@i                                        cstackBANK1  0001F7
main@j                                        cstackBANK1  0001F2
main@sub_mat_1                                cstackBANK2  0002BA
main@sub_mat_2                                cstackBANK2  000272
main@sub_mat_3                                cstackBANK2  000284
main@xhat                                     cstackBANK1  0001BC
main@xhatCorrected                            cstackBANK2  000296
main@xhatk_1                                  cstackBANK3  000324
mat_fill_zero@i                               cstackCOMRAM 000007
mat_fill_zero@matrix                          cstackCOMRAM 000001
mat_get@column                                cstackCOMRAM 000007
mat_get@matrix                                cstackCOMRAM 000008
mat_get@row                                   cstackCOMRAM 000010
mat_init@columns                              cstackCOMRAM 000009
mat_init@matrix                               cstackCOMRAM 00000A
mat_init@rows                                 cstackCOMRAM 00000C
mat_multiply@i                                cstackBANK0  0000B6
mat_multiply@j                                cstackBANK0  0000B8
mat_multiply@k                                cstackBANK0  0000B4
mat_multiply@matrixA                          cstackBANK0  0000AB
mat_multiply@matrixB                          cstackBANK0  0000AD
mat_multiply@matrixC                          cstackBANK0  0000AF
mat_set@column                                cstackBANK0  00009F
mat_set@element                               cstackBANK0  0000A0
mat_set@matrix                                cstackBANK0  0000A4
mat_set@row                                   cstackCOMRAM 00005F
mat_transpose@matrix                          cstackBANK0  0000AB
mat_transpose@matrix_1_1                      cstackBANK0  0000B3
mat_transpose@matrix_1_2                      cstackBANK0  0000AF
mat_transpose@matrix_2_1                      cstackBANK0  0000B7
mat_transpose@matrix_2_2                      cstackBANK0  0000BB
mat_transpose@result                          cstackBANK0  0000AD
nanf@s                                        cstackCOMRAM 000001
nanf@u                                        cstackCOMRAM 000005
powf@__xc8_float_word                         cstackBANK1  0001B8
powf@ax                                       cstackBANK1  000170
powf@hx                                       cstackBANK1  000160
powf@hy                                       cstackBANK1  000184
powf@i                                        cstackBANK1  00012C
powf@is                                       cstackBANK1  000190
powf@ix                                       cstackBANK1  0001A8
powf@iy                                       cstackBANK1  000198
powf@j                                        cstackBANK1  0001AC
powf@k                                        cstackBANK1  0001A0
powf@n                                        cstackBANK1  00017C
powf@p_h                                      cstackBANK1  00019C
powf@p_l                                      cstackBANK1  000164
powf@r                                        cstackBANK1  00014C
powf@s                                        cstackBANK1  00015C
powf@s2                                       cstackBANK1  00018C
powf@s_h                                      cstackBANK1  00016C
powf@s_l                                      cstackBANK1  000130
powf@sn                                       cstackBANK1  000188
powf@t                                        cstackBANK1  0001B0
powf@t1                                       cstackBANK1  000180
powf@t2                                       cstackBANK1  00011C
powf@t_h                                      cstackBANK1  000168
powf@t_l                                      cstackBANK1  000134
powf@u                                        cstackBANK1  000174
powf@v                                        cstackBANK1  000178
powf@w                                        cstackBANK1  000144
powf@x                                        cstackBANK0  000084
powf@y                                        cstackBANK0  000088
powf@y1                                       cstackBANK1  000128
powf@yisint                                   cstackBANK1  000150
powf@z                                        cstackBANK1  0001B4
powf@z_h                                      cstackBANK1  000120
powf@z_l                                      cstackBANK1  000124
scalbnf@n                                     cstackCOMRAM 00002E
scalbnf@u                                     cstackCOMRAM 000034
scalbnf@x                                     cstackCOMRAM 00002A
scalbnf@y                                     cstackCOMRAM 000038
sqrtf@__xc8_float_word                        cstackBANK0  000068
sqrtf@i                                       cstackBANK0  000064
sqrtf@ix                                      cstackBANK0  000080
sqrtf@m                                       cstackBANK0  000078
sqrtf@q                                       cstackBANK0  00006C
sqrtf@r                                       cstackBANK0  00007C
sqrtf@s                                       cstackBANK0  000060
sqrtf@t                                       cstackBANK0  000070
sqrtf@x                                       cstackCOMRAM 000056
sqrtf@z                                       cstackBANK0  000074
stackhi                                       (abs)        000FFF
stacklo                                       (abs)        00037E
start                                         init         00FFFC
start_initialization                          cinit        007180


MODULE INFORMATION

Module		Function		Class		Link	Load	Size
C:\Program Files\Microchip\xc8\v2.32\pic\sources\c99\common\sprcadd.c
		___flsub       		CODE           	702A	0000	70
		___fladd       		CODE           	5496	0000	1216

C:\Program Files\Microchip\xc8\v2.32\pic\sources\c99\common\sprcadd.c estimated size: 1286

C:\Program Files\Microchip\xc8\v2.32\pic\sources\c99\common\flneg.c
		___flneg       		CODE           	7070	0000	56

C:\Program Files\Microchip\xc8\v2.32\pic\sources\c99\common\flneg.c estimated size: 56

C:\Program Files\Microchip\xc8\v2.32\pic\sources\c99\common\fabsf.c
		_fabsf         		CODE           	70A8	0000	52

C:\Program Files\Microchip\xc8\v2.32\pic\sources\c99\common\fabsf.c estimated size: 52

matrix_mult.c
		_mat_transpose 		CODE           	6900	0000	300
		_mat_fill_zero 		CODE           	6EB6	0000	106
		_mat_init      		CODE           	70DC	0000	52
		_mat_get       		CODE           	6DD4	0000	120
		_mat_set       		CODE           	6D58	0000	124
		_mat_multiply  		CODE           	675C	0000	420

matrix_mult.c estimated size: 1122

C:\Program Files\Microchip\xc8\v2.32\pic\sources\c99\common\nanf.c
		_nanf          		CODE           	715E	0000	34

C:\Program Files\Microchip\xc8\v2.32\pic\sources\c99\common\nanf.c estimated size: 34

C:\Program Files\Microchip\xc8\v2.32\pic\sources\c99\common\expf.c
		_expf          		CODE           	49A8	0000	1580

C:\Program Files\Microchip\xc8\v2.32\pic\sources\c99\common\expf.c estimated size: 1580

mcc_generated_files/tmr0.c
		_TMR0_HasOverflowOccured		CODE           	71D0	0000	22
		_TMR0_Initialize		CODE           	71E6	0000	22

mcc_generated_files/tmr0.c estimated size: 44

mcc_generated_files/pin_manager.c
		_PIN_MANAGER_Initialize		CODE           	6FD6	0000	84

mcc_generated_files/pin_manager.c estimated size: 84

C:\Program Files\Microchip\xc8\v2.32\pic\sources\c99\common\Umul16.c
		___wmul        		CODE           	7110	0000	42

C:\Program Files\Microchip\xc8\v2.32\pic\sources\c99\common\Umul16.c estimated size: 42

mcc_generated_files/uart1.c
		_UART1_SetFramingErrorHandler		CODE           	7206	0000	10
		_UART1_SetOverrunErrorHandler		CODE           	71FC	0000	10
		_UART1_Initialize		CODE           	6E4C	0000	106
		_UART1_SetErrorHandler		CODE           	7210	0000	10
		_UART1_Read    		CODE           	6C36	0000	164
		_UART1_DefaultFramingErrorHandler		CODE           	7224	0000	2
		_UART1_DefaultErrorHandler		CODE           	7226	0000	2
		_UART1_DefaultOverrunErrorHandler		CODE           	7222	0000	2

mcc_generated_files/uart1.c estimated size: 306

shared
		_L5            		SMALLCONST     	0000	0000	0
		_P3            		SMALLCONST     	0000	0000	0
		_invln2        		SMALLCONST     	0000	0000	0
		_L6            		SMALLCONST     	0000	0000	0
		_P4            		SMALLCONST     	0000	0000	0
		_P5            		SMALLCONST     	0000	0000	0
		_ln2lo         		SMALLCONST     	0000	0000	0
		_lg2_l         		SMALLCONST     	0000	0000	0
		_ivln2_l       		SMALLCONST     	0000	0000	0
		_ivln2         		SMALLCONST     	0000	0000	0
		__initialization		CODE           	7180	0000	24
		_bp            		SMALLCONST     	1081	0000	8
		_cp            		SMALLCONST     	0000	0000	0
		_cp_h          		SMALLCONST     	0000	0000	0
		_tiny@sqrtf$F1660		SMALLCONST     	0000	0000	0
		_dp_h          		SMALLCONST     	1009	0000	8
		_lg2           		SMALLCONST     	0000	0000	0
		_P1@powf$F1575 		SMALLCONST     	0000	0000	0
		_lg2_h         		SMALLCONST     	0000	0000	0
		_P2@powf$F1576 		SMALLCONST     	0000	0000	0
		_ivln2_h       		SMALLCONST     	0000	0000	0
		_half          		SMALLCONST     	1011	0000	8
		_tiny          		SMALLCONST     	0000	0000	0
		_ln2hi         		SMALLCONST     	0000	0000	0
		_ovt           		SMALLCONST     	0000	0000	0
		_huge          		SMALLCONST     	0000	0000	0
		_two24         		SMALLCONST     	0000	0000	0
		_cp_l          		SMALLCONST     	0000	0000	0
		_dp_l          		SMALLCONST     	1001	0000	8
		_L1            		SMALLCONST     	0000	0000	0
		_L2            		SMALLCONST     	0000	0000	0
		_L3            		SMALLCONST     	0000	0000	0
		_P1            		SMALLCONST     	0000	0000	0
		_L4            		SMALLCONST     	0000	0000	0
		_P2            		SMALLCONST     	0000	0000	0

shared estimated size: 56

C:\Program Files\Microchip\xc8\v2.32\pic\sources\c99\common\sprcmul.c
		___flmul       		CODE           	5956	0000	1102

C:\Program Files\Microchip\xc8\v2.32\pic\sources\c99\common\sprcmul.c estimated size: 1102

mcc_generated_files/mcc.c
		_PMD_Initialize		CODE           	713A	0000	36
		_OSCILLATOR_Initialize		CODE           	71B8	0000	24
		_SYSTEM_Initialize		CODE           	719E	0000	26

mcc_generated_files/mcc.c estimated size: 86

C:\Program Files\Microchip\xc8\v2.32\pic\sources\c99\common\powf.c
		_powf          		CODE           	109C	0000	10850

C:\Program Files\Microchip\xc8\v2.32\pic\sources\c99\common\powf.c estimated size: 10850

C:\Program Files\Microchip\xc8\v2.32\pic\sources\c99\common\sprcdiv.c
		___fldiv       		CODE           	5DA4	0000	924

C:\Program Files\Microchip\xc8\v2.32\pic\sources\c99\common\sprcdiv.c estimated size: 924

C:\Program Files\Microchip\xc8\v2.32\pic\sources\c99\common\sqrtf.c
		_sqrtf         		CODE           	4FD4	0000	1218

C:\Program Files\Microchip\xc8\v2.32\pic\sources\c99\common\sqrtf.c estimated size: 1218

C:\Program Files\Microchip\xc8\v2.32\pic\sources\c99\common\scalbnf.c
		_scalbnf       		CODE           	6140	0000	564

C:\Program Files\Microchip\xc8\v2.32\pic\sources\c99\common\scalbnf.c estimated size: 564

C:\Program Files\Microchip\xc8\v2.32\pic\sources\c99\common\fltol.c
		___fltol       		CODE           	6A2C	0000	262

C:\Program Files\Microchip\xc8\v2.32\pic\sources\c99\common\fltol.c estimated size: 262

C:\Program Files\Microchip\xc8\v2.32\pic\sources\c99\common\xxtofl.c
		___xxtofl      		CODE           	65A8	0000	436

C:\Program Files\Microchip\xc8\v2.32\pic\sources\c99\common\xxtofl.c estimated size: 436

mcc_generated_files/adcc.c
		_ADCC_Initialize		CODE           	6F20	0000	92
		_ADCC_DischargeSampleCapacitor		CODE           	721A	0000	8

mcc_generated_files/adcc.c estimated size: 100

main.c
		_main          		CODE           	3AFE	0000	1982
		_EKF           		CODE           	42BC	0000	1772
		_fk            		CODE           	6374	0000	564
		_hk            		CODE           	6CDA	0000	126
		_VOC           		CODE           	6F7C	0000	90

main.c estimated size: 4534

C:\Program Files\Microchip\xc8\v2.32\pic\sources\c99\common\flge.c
		___flge        		CODE           	6B32	0000	260

C:\Program Files\Microchip\xc8\v2.32\pic\sources\c99\common\flge.c estimated size: 260

